Archive member included to satisfy reference by file (symbol)

C:/ST/STM32CubeIDE_1.15.1/STM32CubeIDE/plugins/com.st.stm32cube.ide.mcu.externaltools.gnu-tools-for-stm32.12.3.rel1.win32_1.0.100.202403111256/tools/bin/../lib/gcc/arm-none-eabi/12.3.1/../../../../arm-none-eabi/lib/thumb/v7e-m+fp/hard\libc_nano.a(libc_a-exit.o)
                              C:/ST/STM32CubeIDE_1.15.1/STM32CubeIDE/plugins/com.st.stm32cube.ide.mcu.externaltools.gnu-tools-for-stm32.12.3.rel1.win32_1.0.100.202403111256/tools/bin/../lib/gcc/arm-none-eabi/12.3.1/../../../../arm-none-eabi/lib/thumb/v7e-m+fp/hard/crt0.o (exit)
C:/ST/STM32CubeIDE_1.15.1/STM32CubeIDE/plugins/com.st.stm32cube.ide.mcu.externaltools.gnu-tools-for-stm32.12.3.rel1.win32_1.0.100.202403111256/tools/bin/../lib/gcc/arm-none-eabi/12.3.1/../../../../arm-none-eabi/lib/thumb/v7e-m+fp/hard\libc_nano.a(libc_a-findfp.o)
                              C:/ST/STM32CubeIDE_1.15.1/STM32CubeIDE/plugins/com.st.stm32cube.ide.mcu.externaltools.gnu-tools-for-stm32.12.3.rel1.win32_1.0.100.202403111256/tools/bin/../lib/gcc/arm-none-eabi/12.3.1/../../../../arm-none-eabi/lib/thumb/v7e-m+fp/hard\libc_nano.a(libc_a-exit.o) (__stdio_exit_handler)
C:/ST/STM32CubeIDE_1.15.1/STM32CubeIDE/plugins/com.st.stm32cube.ide.mcu.externaltools.gnu-tools-for-stm32.12.3.rel1.win32_1.0.100.202403111256/tools/bin/../lib/gcc/arm-none-eabi/12.3.1/../../../../arm-none-eabi/lib/thumb/v7e-m+fp/hard\libc_nano.a(libc_a-fwalk.o)
                              C:/ST/STM32CubeIDE_1.15.1/STM32CubeIDE/plugins/com.st.stm32cube.ide.mcu.externaltools.gnu-tools-for-stm32.12.3.rel1.win32_1.0.100.202403111256/tools/bin/../lib/gcc/arm-none-eabi/12.3.1/../../../../arm-none-eabi/lib/thumb/v7e-m+fp/hard\libc_nano.a(libc_a-findfp.o) (_fwalk_sglue)
C:/ST/STM32CubeIDE_1.15.1/STM32CubeIDE/plugins/com.st.stm32cube.ide.mcu.externaltools.gnu-tools-for-stm32.12.3.rel1.win32_1.0.100.202403111256/tools/bin/../lib/gcc/arm-none-eabi/12.3.1/../../../../arm-none-eabi/lib/thumb/v7e-m+fp/hard\libc_nano.a(libc_a-stdio.o)
                              C:/ST/STM32CubeIDE_1.15.1/STM32CubeIDE/plugins/com.st.stm32cube.ide.mcu.externaltools.gnu-tools-for-stm32.12.3.rel1.win32_1.0.100.202403111256/tools/bin/../lib/gcc/arm-none-eabi/12.3.1/../../../../arm-none-eabi/lib/thumb/v7e-m+fp/hard\libc_nano.a(libc_a-findfp.o) (__sread)
C:/ST/STM32CubeIDE_1.15.1/STM32CubeIDE/plugins/com.st.stm32cube.ide.mcu.externaltools.gnu-tools-for-stm32.12.3.rel1.win32_1.0.100.202403111256/tools/bin/../lib/gcc/arm-none-eabi/12.3.1/../../../../arm-none-eabi/lib/thumb/v7e-m+fp/hard\libc_nano.a(libc_a-memset.o)
                              C:/ST/STM32CubeIDE_1.15.1/STM32CubeIDE/plugins/com.st.stm32cube.ide.mcu.externaltools.gnu-tools-for-stm32.12.3.rel1.win32_1.0.100.202403111256/tools/bin/../lib/gcc/arm-none-eabi/12.3.1/../../../../arm-none-eabi/lib/thumb/v7e-m+fp/hard/crt0.o (memset)
C:/ST/STM32CubeIDE_1.15.1/STM32CubeIDE/plugins/com.st.stm32cube.ide.mcu.externaltools.gnu-tools-for-stm32.12.3.rel1.win32_1.0.100.202403111256/tools/bin/../lib/gcc/arm-none-eabi/12.3.1/../../../../arm-none-eabi/lib/thumb/v7e-m+fp/hard\libc_nano.a(libc_a-closer.o)
                              C:/ST/STM32CubeIDE_1.15.1/STM32CubeIDE/plugins/com.st.stm32cube.ide.mcu.externaltools.gnu-tools-for-stm32.12.3.rel1.win32_1.0.100.202403111256/tools/bin/../lib/gcc/arm-none-eabi/12.3.1/../../../../arm-none-eabi/lib/thumb/v7e-m+fp/hard\libc_nano.a(libc_a-stdio.o) (_close_r)
C:/ST/STM32CubeIDE_1.15.1/STM32CubeIDE/plugins/com.st.stm32cube.ide.mcu.externaltools.gnu-tools-for-stm32.12.3.rel1.win32_1.0.100.202403111256/tools/bin/../lib/gcc/arm-none-eabi/12.3.1/../../../../arm-none-eabi/lib/thumb/v7e-m+fp/hard\libc_nano.a(libc_a-reent.o)
                              C:/ST/STM32CubeIDE_1.15.1/STM32CubeIDE/plugins/com.st.stm32cube.ide.mcu.externaltools.gnu-tools-for-stm32.12.3.rel1.win32_1.0.100.202403111256/tools/bin/../lib/gcc/arm-none-eabi/12.3.1/../../../../arm-none-eabi/lib/thumb/v7e-m+fp/hard\libc_nano.a(libc_a-closer.o) (errno)
C:/ST/STM32CubeIDE_1.15.1/STM32CubeIDE/plugins/com.st.stm32cube.ide.mcu.externaltools.gnu-tools-for-stm32.12.3.rel1.win32_1.0.100.202403111256/tools/bin/../lib/gcc/arm-none-eabi/12.3.1/../../../../arm-none-eabi/lib/thumb/v7e-m+fp/hard\libc_nano.a(libc_a-impure.o)
                              C:/ST/STM32CubeIDE_1.15.1/STM32CubeIDE/plugins/com.st.stm32cube.ide.mcu.externaltools.gnu-tools-for-stm32.12.3.rel1.win32_1.0.100.202403111256/tools/bin/../lib/gcc/arm-none-eabi/12.3.1/../../../../arm-none-eabi/lib/thumb/v7e-m+fp/hard\libc_nano.a(libc_a-reent.o) (_impure_ptr)
C:/ST/STM32CubeIDE_1.15.1/STM32CubeIDE/plugins/com.st.stm32cube.ide.mcu.externaltools.gnu-tools-for-stm32.12.3.rel1.win32_1.0.100.202403111256/tools/bin/../lib/gcc/arm-none-eabi/12.3.1/../../../../arm-none-eabi/lib/thumb/v7e-m+fp/hard\libc_nano.a(libc_a-lseekr.o)
[...]
Memory Configuration

Name             Origin             Length             Attributes
FLASH            0x08100000         0x00100000         xr
RAM              0x10000000         0x00048000         xrw
*default*        0x00000000         0xffffffff

Linker script and memory map

LOAD C:/ST/STM32CubeIDE_1.15.1/STM32CubeIDE/plugins/com.st.stm32cube.ide.mcu.externaltools.gnu-tools-for-stm32.12.3.rel1.win32_1.0.100.202403111256/tools/bin/../lib/gcc/arm-none-eabi/12.3.1/thumb/v7e-m+fp/hard/crti.o
LOAD C:/ST/STM32CubeIDE_1.15.1/STM32CubeIDE/plugins/com.st.stm32cube.ide.mcu.externaltools.gnu-tools-for-stm32.12.3.rel1.win32_1.0.100.202403111256/tools/bin/../lib/gcc/arm-none-eabi/12.3.1/thumb/v7e-m+fp/hard/crtbegin.o
LOAD C:/ST/STM32CubeIDE_1.15.1/STM32CubeIDE/plugins/com.st.stm32cube.ide.mcu.externaltools.gnu-tools-for-stm32.12.3.rel1.win32_1.0.100.202403111256/tools/bin/../lib/gcc/arm-none-eabi/12.3.1/../../../../arm-none-eabi/lib/thumb/v7e-m+fp/hard/crt0.o
LOAD ./Application/User/CM4/main.o
LOAD ./Application/User/CM4/stm32h7xx_it.o
LOAD ./Application/User/CM4/syscalls.o
LOAD ./Application/User/CM4/sysmem.o
LOAD ./Application/User/Startup/startup_stm32h747xihx.o
LOAD ./Drivers/BSP/Components/mfxstm32l152.o
LOAD ./Drivers/BSP/STM32H747I_Discovery/stm32h747i_discovery.o
LOAD ./Drivers/CMSIS/system_stm32h7xx.o
LOAD ./Drivers/STM32H7xx_HAL_Driver/stm32h7xx_hal.o
LOAD ./Drivers/STM32H7xx_HAL_Driver/stm32h7xx_hal_adc.o
LOAD ./Drivers/STM32H7xx_HAL_Driver/stm32h7xx_hal_adc_ex.o
LOAD ./Drivers/STM32H7xx_HAL_Driver/stm32h7xx_hal_cortex.o
LOAD ./Drivers/STM32H7xx_HAL_Driver/stm32h7xx_hal_dma.o
LOAD ./Drivers/STM32H7xx_HAL_Driver/stm32h7xx_hal_dma_ex.o
LOAD ./Drivers/STM32H7xx_HAL_Driver/stm32h7xx_hal_gpio.o
LOAD ./Drivers/STM32H7xx_HAL_Driver/stm32h7xx_hal_hsem.o
LOAD ./Drivers/STM32H7xx_HAL_Driver/stm32h7xx_hal_i2c.o
LOAD ./Drivers/STM32H7xx_HAL_Driver/stm32h7xx_hal_i2c_ex.o
LOAD ./Drivers/STM32H7xx_HAL_Driver/stm32h7xx_hal_pwr.o
LOAD ./Drivers/STM32H7xx_HAL_Driver/stm32h7xx_hal_pwr_ex.o
LOAD ./Drivers/STM32H7xx_HAL_Driver/stm32h7xx_hal_rcc.o
LOAD ./Drivers/STM32H7xx_HAL_Driver/stm32h7xx_hal_rcc_ex.o
LOAD ./Drivers/STM32H7xx_HAL_Driver/stm32h7xx_hal_tim.o
LOAD ./Drivers/STM32H7xx_HAL_Driver/stm32h7xx_hal_tim_ex.o
LOAD ./Drivers/STM32H7xx_HAL_Driver/stm32h7xx_hal_uart.o
LOAD ./Drivers/STM32H7xx_HAL_Driver/stm32h7xx_hal_uart_ex.o
LOAD ./Middlewares/FreeRTOS/CMSIS-RTOS/cmsis_os.o
LOAD ./Middlewares/FreeRTOS/croutine.o
LOAD ./Middlewares/FreeRTOS/event_groups.o
LOAD ./Middlewares/FreeRTOS/list.o
LOAD ./Middlewares/FreeRTOS/queue.o
LOAD ./Middlewares/FreeRTOS/tasks.o
LOAD ./Middlewares/FreeRTOS/timers.o
LOAD ./Middlewares/FreeRTOS/portable/heap_4.o
LOAD ./Middlewares/FreeRTOS/portable/port.o
START GROUP
LOAD C:/ST/STM32CubeIDE_1.15.1/STM32CubeIDE/plugins/com.st.stm32cube.ide.mcu.externaltools.gnu-tools-for-stm32.12.3.rel1.win32_1.0.100.202403111256/tools/bin/../lib/gcc/arm-none-eabi/12.3.1/../../../../arm-none-eabi/lib/thumb/v7e-m+fp/hard\libc_nano.a
LOAD C:/ST/STM32CubeIDE_1.15.1/STM32CubeIDE/plugins/com.st.stm32cube.ide.mcu.externaltools.gnu-tools-for-stm32.12.3.rel1.win32_1.0.100.202403111256/tools/bin/../lib/gcc/arm-none-eabi/12.3.1/../../../../arm-none-eabi/lib/thumb/v7e-m+fp/hard\libm.a
END GROUP
START GROUP
LOAD C:/ST/STM32CubeIDE_1.15.1/STM32CubeIDE/plugins/com.st.stm32cube.ide.mcu.externaltools.gnu-tools-for-stm32.12.3.rel1.win32_1.0.100.202403111256/tools/bin/../lib/gcc/arm-none-eabi/12.3.1/thumb/v7e-m+fp/hard\libgcc.a
LOAD C:/ST/STM32CubeIDE_1.15.1/STM32CubeIDE/plugins/com.st.stm32cube.ide.mcu.externaltools.gnu-tools-for-stm32.12.3.rel1.win32_1.0.100.202403111256/tools/bin/../lib/gcc/arm-none-eabi/12.3.1/../../../../arm-none-eabi/lib/thumb/v7e-m+fp/hard\libc_nano.a
END GROUP
START GROUP
LOAD C:/ST/STM32CubeIDE_1.15.1/STM32CubeIDE/plugins/com.st.stm32cube.ide.mcu.externaltools.gnu-tools-for-stm32.12.3.rel1.win32_1.0.100.202403111256/tools/bin/../lib/gcc/arm-none-eabi/12.3.1/thumb/v7e-m+fp/hard\libgcc.a
LOAD C:/ST/STM32CubeIDE_1.15.1/STM32CubeIDE/plugins/com.st.stm32cube.ide.mcu.externaltools.gnu-tools-for-stm32.12.3.rel1.win32_1.0.100.202403111256/tools/bin/../lib/gcc/arm-none-eabi/12.3.1/../../../../arm-none-eabi/lib/thumb/v7e-m+fp/hard\libc_nano.a
LOAD C:/ST/STM32CubeIDE_1.15.1/STM32CubeIDE/plugins/com.st.stm32cube.ide.mcu.externaltools.gnu-tools-for-stm32.12.3.rel1.win32_1.0.100.202403111256/tools/bin/../lib/gcc/arm-none-eabi/12.3.1/../../../../arm-none-eabi/lib/thumb/v7e-m+fp/hard\libnosys.a
END GROUP
START GROUP
LOAD C:/ST/STM32CubeIDE_1.15.1/STM32CubeIDE/plugins/com.st.stm32cube.ide.mcu.externaltools.gnu-tools-for-stm32.12.3.rel1.win32_1.0.100.202403111256/tools/bin/../lib/gcc/arm-none-eabi/12.3.1/thumb/v7e-m+fp/hard\libgcc.a
LOAD C:/ST/STM32CubeIDE_1.15.1/STM32CubeIDE/plugins/com.st.stm32cube.ide.mcu.externaltools.gnu-tools-for-stm32.12.3.rel1.win32_1.0.100.202403111256/tools/bin/../lib/gcc/arm-none-eabi/12.3.1/../../../../arm-none-eabi/lib/thumb/v7e-m+fp/hard\libc_nano.a
LOAD C:/ST/STM32CubeIDE_1.15.1/STM32CubeIDE/plugins/com.st.stm32cube.ide.mcu.externaltools.gnu-tools-for-stm32.12.3.rel1.win32_1.0.100.202403111256/tools/bin/../lib/gcc/arm-none-eabi/12.3.1/../../../../arm-none-eabi/lib/thumb/v7e-m+fp/hard\libnosys.a
END GROUP
LOAD C:/ST/STM32CubeIDE_1.15.1/STM32CubeIDE/plugins/com.st.stm32cube.ide.mcu.externaltools.gnu-tools-for-stm32.12.3.rel1.win32_1.0.100.202403111256/tools/bin/../lib/gcc/arm-none-eabi/12.3.1/thumb/v7e-m+fp/hard/crtend.o
LOAD C:/ST/STM32CubeIDE_1.15.1/STM32CubeIDE/plugins/com.st.stm32cube.ide.mcu.externaltools.gnu-tools-for-stm32.12.3.rel1.win32_1.0.100.202403111256/tools/bin/../lib/gcc/arm-none-eabi/12.3.1/thumb/v7e-m+fp/hard/crtn.o
                0x10048000                        _estack = 0x10048000
                0x00000400                        _Min_Heap_Size = 0x400
                0x00000800                        _Min_Stack_Size = 0x800

.isr_vector     0x08100000      0x298
                0x08100000                        . = ALIGN (0x4)
 *(.isr_vector)
 .isr_vector    0x08100000      0x298 ./Application/User/Startup/startup_stm32h747xihx.o
                0x08100000                g_pfnVectors
                0x08100298                        . = ALIGN (0x4)

.text           0x081002a0     0x33b4
                0x081002a0                        . = ALIGN (0x4)
 *(.text)
 .text          0x081002a0       0x40 C:/ST/STM32CubeIDE_1.15.1/STM32CubeIDE/plugins/com.st.stm32cube.ide.mcu.externaltools.gnu-tools-for-stm32.12.3.rel1.win32_1.0.100.202403111256/tools/bin/../lib/gcc/arm-none-eabi/12.3.1/thumb/v7e-m+fp/hard/crtbegin.o
 *(.text*)
 .text.main     0x081002e0       0xd4 ./Application/User/CM4/main.o
                0x081002e0                main
 .text.CORE2_SemaphoreCoreSync
                0x081003b4       0x34 ./Application/User/CM4/main.o
 .text.HAL_HSEM_FreeCallback
                0x081003e8       0x28 ./Application/User/CM4/main.o
                0x081003e8                HAL_HSEM_FreeCallback
 .text.NMI_Handler
                0x08100410        0xe ./Application/User/CM4/stm32h7xx_it.o
                0x08100410                NMI_Handler
 .text.HardFault_Handler
                0x0810041e        0x8 ./Application/User/CM4/stm32h7xx_it.o
                0x0810041e                HardFault_Handler
 .text.MemManage_Handler
                0x08100426        0x8 ./Application/User/CM4/stm32h7xx_it.o
                0x08100426                MemManage_Handler
 .text.BusFault_Handler
                0x0810042e        0x8 ./Application/User/CM4/stm32h7xx_it.o
                0x0810042e                BusFault_Handler
 .text.UsageFault_Handler
                0x08100436        0x8 ./Application/User/CM4/stm32h7xx_it.o
                0x08100436                UsageFault_Handler
 .text.DebugMon_Handler
                0x0810043e        0xe ./Application/User/CM4/stm32h7xx_it.o
                0x0810043e                DebugMon_Handler
 .text.SysTick_Handler
                0x0810044c        0xc ./Application/User/CM4/stm32h7xx_it.o
                0x0810044c                SysTick_Handler
 .text.HSEM2_IRQHandler
                0x08100458        0xc ./Application/User/CM4/stm32h7xx_it.o
                0x08100458                HSEM2_IRQHandler
 .text.Reset_Handler
                0x08100464       0x50 ./Application/User/Startup/startup_stm32h747xihx.o
                0x08100464                Reset_Handler
 .text.Default_Handler
                0x081004b4        0x2 ./Application/User/Startup/startup_stm32h747xihx.o
                0x081004b4                RTC_Alarm_IRQHandler
                0x081004b4                EXTI2_IRQHandler
                0x081004b4                TIM8_CC_IRQHandler
                0x081004b4                HRTIM1_Master_IRQHandler
                0x081004b4                UART8_IRQHandler
                0x081004b4                SPI4_IRQHandler
                0x081004b4                TIM1_CC_IRQHandler
                0x081004b4                BDMA_Channel6_IRQHandler
                0x081004b4                DMA2_Stream5_IRQHandler
                0x081004b4                HRTIM1_FLT_IRQHandler
                0x081004b4                JPEG_IRQHandler
                0x081004b4                DMA1_Stream5_IRQHandler
                0x081004b4                BDMA_Channel1_IRQHandler
                0x081004b4                HRTIM1_TIMD_IRQHandler
                0x081004b4                TAMP_STAMP_IRQHandler
                0x081004b4                EXTI3_IRQHandler
                0x081004b4                LPTIM4_IRQHandler
                0x081004b4                TIM8_TRG_COM_TIM14_IRQHandler
                0x081004b4                LPTIM2_IRQHandler
                0x081004b4                DFSDM1_FLT1_IRQHandler
                0x081004b4                DMAMUX2_OVR_IRQHandler
                0x081004b4                TIM8_UP_TIM13_IRQHandler
                0x081004b4                I2C3_ER_IRQHandler
                0x081004b4                DFSDM1_FLT2_IRQHandler
                0x081004b4                MDMA_IRQHandler
                0x081004b4                LPTIM3_IRQHandler
                0x081004b4                HSEM1_IRQHandler
                0x081004b4                EXTI0_IRQHandler
                0x081004b4                I2C2_EV_IRQHandler
                0x081004b4                DMA1_Stream2_IRQHandler
                0x081004b4                FPU_IRQHandler
                0x081004b4                OTG_HS_WKUP_IRQHandler
                0x081004b4                FDCAN1_IT1_IRQHandler
                0x081004b4                LTDC_ER_IRQHandler
                0x081004b4                DMA2_Stream2_IRQHandler
                0x081004b4                HRTIM1_TIME_IRQHandler
                0x081004b4                SPI1_IRQHandler
                0x081004b4                TIM6_DAC_IRQHandler
                0x081004b4                DCMI_IRQHandler
                0x081004b4                HRTIM1_TIMC_IRQHandler
                0x081004b4                DMA2_Stream3_IRQHandler
                0x081004b4                SAI2_IRQHandler
                0x081004b4                DFSDM1_FLT3_IRQHandler
                0x081004b4                USART6_IRQHandler
                0x081004b4                TIM17_IRQHandler
                0x081004b4                USART3_IRQHandler
                0x081004b4                BDMA_Channel7_IRQHandler
                0x081004b4                LPTIM5_IRQHandler
                0x081004b4                UART5_IRQHandler
                0x081004b4                ADC3_IRQHandler
                0x081004b4                DMA2_Stream0_IRQHandler
                0x081004b4                TIM4_IRQHandler
                0x081004b4                BDMA_Channel2_IRQHandler
                0x081004b4                QUADSPI_IRQHandler
                0x081004b4                I2C1_EV_IRQHandler
                0x081004b4                DMA1_Stream6_IRQHandler
                0x081004b4                DMAMUX1_OVR_IRQHandler
                0x081004b4                DMA1_Stream1_IRQHandler
                0x081004b4                TIM16_IRQHandler
                0x081004b4                UART4_IRQHandler
                0x081004b4                BDMA_Channel5_IRQHandler
                0x081004b4                TIM3_IRQHandler
                0x081004b4                RCC_IRQHandler
                0x081004b4                TIM8_BRK_TIM12_IRQHandler
                0x081004b4                TIM1_TRG_COM_IRQHandler
                0x081004b4                Default_Handler
                0x081004b4                ECC_IRQHandler
                0x081004b4                CEC_IRQHandler
                0x081004b4                EXTI15_10_IRQHandler
                0x081004b4                BDMA_Channel0_IRQHandler
                0x081004b4                ADC_IRQHandler
                0x081004b4                DMA1_Stream7_IRQHandler
                0x081004b4                HRTIM1_TIMA_IRQHandler
                0x081004b4                SPI5_IRQHandler
                0x081004b4                TIM7_IRQHandler
                0x081004b4                SDMMC1_IRQHandler
                0x081004b4                TIM5_IRQHandler
                0x081004b4                DMA2_Stream7_IRQHandler
                0x081004b4                TIM15_IRQHandler
                0x081004b4                PVD_AVD_IRQHandler
                0x081004b4                I2C3_EV_IRQHandler
                0x081004b4                EXTI9_5_IRQHandler
                0x081004b4                RTC_WKUP_IRQHandler
                0x081004b4                LTDC_IRQHandler
                0x081004b4                SAI3_IRQHandler
                0x081004b4                ETH_WKUP_IRQHandler
                0x081004b4                SPDIF_RX_IRQHandler
                0x081004b4                SPI2_IRQHandler
                0x081004b4                OTG_HS_EP1_IN_IRQHandler
                0x081004b4                DMA1_Stream0_IRQHandler
                0x081004b4                CRS_IRQHandler
                0x081004b4                CM7_SEV_IRQHandler
                0x081004b4                EXTI4_IRQHandler
                0x081004b4                RNG_IRQHandler
                0x081004b4                CM4_SEV_IRQHandler
                0x081004b4                HRTIM1_TIMB_IRQHandler
                0x081004b4                FDCAN2_IT1_IRQHandler
                0x081004b4                DSI_IRQHandler
                0x081004b4                ETH_IRQHandler
                0x081004b4                TIM1_UP_IRQHandler
                0x081004b4                WWDG_RST_IRQHandler
                0x081004b4                BDMA_Channel4_IRQHandler
                0x081004b4                OTG_HS_EP1_OUT_IRQHandler
                0x081004b4                WWDG_IRQHandler
                0x081004b4                SPI6_IRQHandler
                0x081004b4                MDIOS_IRQHandler
                0x081004b4                I2C4_EV_IRQHandler
                0x081004b4                FDCAN2_IT0_IRQHandler
                0x081004b4                LPUART1_IRQHandler
                0x081004b4                FDCAN1_IT0_IRQHandler
                0x081004b4                TIM2_IRQHandler
                0x081004b4                OTG_FS_WKUP_IRQHandler
                0x081004b4                OTG_HS_IRQHandler
                0x081004b4                DMA2D_IRQHandler
                0x081004b4                TIM1_BRK_IRQHandler
                0x081004b4                EXTI1_IRQHandler
                0x081004b4                SDMMC2_IRQHandler
                0x081004b4                OTG_FS_EP1_OUT_IRQHandler
                0x081004b4                BDMA_Channel3_IRQHandler
                0x081004b4                HOLD_CORE_IRQHandler
                0x081004b4                UART7_IRQHandler
                0x081004b4                MDIOS_WKUP_IRQHandler
                0x081004b4                USART2_IRQHandler
                0x081004b4                DFSDM1_FLT0_IRQHandler
                0x081004b4                SAI4_IRQHandler
                0x081004b4                I2C2_ER_IRQHandler
                0x081004b4                DMA2_Stream1_IRQHandler
                0x081004b4                FLASH_IRQHandler
                0x081004b4                DMA2_Stream4_IRQHandler
                0x081004b4                USART1_IRQHandler
                0x081004b4                OTG_FS_IRQHandler
                0x081004b4                SPI3_IRQHandler
                0x081004b4                WAKEUP_PIN_IRQHandler
                0x081004b4                DMA1_Stream4_IRQHandler
                0x081004b4                OTG_FS_EP1_IN_IRQHandler
                0x081004b4                I2C1_ER_IRQHandler
                0x081004b4                FMC_IRQHandler
                0x081004b4                FDCAN_CAL_IRQHandler
                0x081004b4                SWPMI1_IRQHandler
                0x081004b4                COMP1_IRQHandler
                0x081004b4                LPTIM1_IRQHandler
                0x081004b4                I2C4_ER_IRQHandler
                0x081004b4                DMA2_Stream6_IRQHandler
                0x081004b4                SAI1_IRQHandler
                0x081004b4                DMA1_Stream3_IRQHandler
 *fill*         0x081004b6        0x2 
 .text.BSP_LED_Init
                0x081004b8       0x88 ./Drivers/BSP/STM32H747I_Discovery/stm32h747i_discovery.o
                0x081004b8                BSP_LED_Init
 .text.BSP_LED_Toggle
                0x08100540       0x3c ./Drivers/BSP/STM32H747I_Discovery/stm32h747i_discovery.o
                0x08100540                BSP_LED_Toggle
 .text.SystemInit
                0x0810057c       0x38 ./Drivers/CMSIS/system_stm32h7xx.o
                0x0810057c                SystemInit
 .text.HAL_Init
                0x081005b4       0xbc ./Drivers/STM32H7xx_HAL_Driver/stm32h7xx_hal.o
                0x081005b4                HAL_Init
 .text.HAL_MspInit
                0x08100670        0xe ./Drivers/STM32H7xx_HAL_Driver/stm32h7xx_hal.o
                0x08100670                HAL_MspInit
 *fill*         0x0810067e        0x2 
 .text.HAL_InitTick
                0x08100680       0x6c ./Drivers/STM32H7xx_HAL_Driver/stm32h7xx_hal.o
                0x08100680                HAL_InitTick
 .text.HAL_IncTick
                0x081006ec       0x28 ./Drivers/STM32H7xx_HAL_Driver/stm32h7xx_hal.o
                0x081006ec                HAL_IncTick
 .text.__NVIC_SetPriorityGrouping
                0x08100714       0x48 ./Drivers/STM32H7xx_HAL_Driver/stm32h7xx_hal_cortex.o
 .text.__NVIC_GetPriorityGrouping
                0x0810075c       0x1c ./Drivers/STM32H7xx_HAL_Driver/stm32h7xx_hal_cortex.o
 .text.__NVIC_EnableIRQ
                0x08100778       0x3c ./Drivers/STM32H7xx_HAL_Driver/stm32h7xx_hal_cortex.o
 .text.__NVIC_SetPriority
                0x081007b4       0x54 ./Drivers/STM32H7xx_HAL_Driver/stm32h7xx_hal_cortex.o
 .text.NVIC_EncodePriority
                0x08100808       0x66 ./Drivers/STM32H7xx_HAL_Driver/stm32h7xx_hal_cortex.o
 *fill*         0x0810086e        0x2 
 .text.SysTick_Config
                0x08100870       0x44 ./Drivers/STM32H7xx_HAL_Driver/stm32h7xx_hal_cortex.o
 .text.HAL_NVIC_SetPriorityGrouping
                0x081008b4       0x16 ./Drivers/STM32H7xx_HAL_Driver/stm32h7xx_hal_cortex.o
                0x081008b4                HAL_NVIC_SetPriorityGrouping
 .text.HAL_NVIC_SetPriority
                0x081008ca       0x34 ./Drivers/STM32H7xx_HAL_Driver/stm32h7xx_hal_cortex.o
                0x081008ca                HAL_NVIC_SetPriority
 .text.HAL_NVIC_EnableIRQ
                0x081008fe       0x1c ./Drivers/STM32H7xx_HAL_Driver/stm32h7xx_hal_cortex.o
                0x081008fe                HAL_NVIC_EnableIRQ
 .text.HAL_SYSTICK_Config
                0x0810091a       0x18 ./Drivers/STM32H7xx_HAL_Driver/stm32h7xx_hal_cortex.o
                0x0810091a                HAL_SYSTICK_Config
 *fill*         0x08100932        0x2 
 .text.HAL_GetCurrentCPUID
                0x08100934       0x28 ./Drivers/STM32H7xx_HAL_Driver/stm32h7xx_hal_cortex.o
                0x08100934                HAL_GetCurrentCPUID
 .text.HAL_GPIO_Init
                0x0810095c      0x360 ./Drivers/STM32H7xx_HAL_Driver/stm32h7xx_hal_gpio.o
                0x0810095c                HAL_GPIO_Init
 .text.HAL_GPIO_WritePin
                0x08100cbc       0x32 ./Drivers/STM32H7xx_HAL_Driver/stm32h7xx_hal_gpio.o
                0x08100cbc                HAL_GPIO_WritePin
 .text.HAL_GPIO_TogglePin
                0x08100cee       0x34 ./Drivers/STM32H7xx_HAL_Driver/stm32h7xx_hal_gpio.o
                0x08100cee                HAL_GPIO_TogglePin
 *fill*         0x08100d22        0x2 
 .text.HAL_HSEM_ActivateNotification
                0x08100d24       0x24 ./Drivers/STM32H7xx_HAL_Driver/stm32h7xx_hal_hsem.o
                0x08100d24                HAL_HSEM_ActivateNotification
 .text.HAL_HSEM_IRQHandler
                0x08100d48       0x34 ./Drivers/STM32H7xx_HAL_Driver/stm32h7xx_hal_hsem.o
                0x08100d48                HAL_HSEM_IRQHandler
 .text.HAL_PWREx_EnterSTOPMode
                0x08100d7c       0xf4 ./Drivers/STM32H7xx_HAL_Driver/stm32h7xx_hal_pwr_ex.o
                0x08100d7c                HAL_PWREx_EnterSTOPMode
 .text.HAL_PWREx_ClearPendingEvent
                0x08100e70       0x1a ./Drivers/STM32H7xx_HAL_Driver/stm32h7xx_hal_pwr_ex.o
                0x08100e70                HAL_PWREx_ClearPendingEvent
 *fill*         0x08100e8a        0x2 
 .text.HAL_RCC_GetSysClockFreq
                0x08100e8c      0x2f4 ./Drivers/STM32H7xx_HAL_Driver/stm32h7xx_hal_rcc.o
                0x08100e8c                HAL_RCC_GetSysClockFreq
 .text.makeFreeRtosPriority
                0x08101180       0x30 ./Middlewares/FreeRTOS/CMSIS-RTOS/cmsis_os.o
 .text.inHandlerMode
                0x081011b0       0x24 ./Middlewares/FreeRTOS/CMSIS-RTOS/cmsis_os.o
 .text.osKernelStart
                0x081011d4        0xe ./Middlewares/FreeRTOS/CMSIS-RTOS/cmsis_os.o
                0x081011d4                osKernelStart
 .text.osThreadCreate
                0x081011e2       0x4e ./Middlewares/FreeRTOS/CMSIS-RTOS/cmsis_os.o
                0x081011e2                osThreadCreate
 .text.osSemaphoreCreate
                0x08101230       0x48 ./Middlewares/FreeRTOS/CMSIS-RTOS/cmsis_os.o
                0x08101230                osSemaphoreCreate
 .text.osSemaphoreWait
                0x08101278       0x9c ./Middlewares/FreeRTOS/CMSIS-RTOS/cmsis_os.o
                0x08101278                osSemaphoreWait
 .text.osSemaphoreRelease
                0x08101314       0x6c ./Middlewares/FreeRTOS/CMSIS-RTOS/cmsis_os.o
                0x08101314                osSemaphoreRelease
 .text.vListInitialise
                0x08101380       0x40 ./Middlewares/FreeRTOS/list.o
                0x08101380                vListInitialise
 .text.vListInitialiseItem
                0x081013c0       0x1a ./Middlewares/FreeRTOS/list.o
                0x081013c0                vListInitialiseItem
 .text.vListInsertEnd
                0x081013da       0x48 ./Middlewares/FreeRTOS/list.o
                0x081013da                vListInsertEnd
 .text.vListInsert
                0x08101422       0x72 ./Middlewares/FreeRTOS/list.o
                0x08101422                vListInsert
 .text.uxListRemove
                0x08101494       0x54 ./Middlewares/FreeRTOS/list.o
                0x08101494                uxListRemove
 .text.xQueueGenericReset
                0x081014e8       0xd4 ./Middlewares/FreeRTOS/queue.o
                0x081014e8                xQueueGenericReset
 .text.xQueueGenericCreate
                0x081015bc       0x6e ./Middlewares/FreeRTOS/queue.o
                0x081015bc                xQueueGenericCreate
 .text.prvInitialiseNewQueue
                0x0810162a       0x46 ./Middlewares/FreeRTOS/queue.o
 .text.xQueueCreateCountingSemaphore
                0x08101670       0x6a ./Middlewares/FreeRTOS/queue.o
                0x08101670                xQueueCreateCountingSemaphore
 *fill*         0x081016da        0x2 
 .text.xQueueGenericSend
                0x081016dc      0x204 ./Middlewares/FreeRTOS/queue.o
                0x081016dc                xQueueGenericSend
 .text.xQueueGiveFromISR
                0x081018e0      0x120 ./Middlewares/FreeRTOS/queue.o
                0x081018e0                xQueueGiveFromISR
 .text.xQueueSemaphoreTake
                0x08101a00      0x220 ./Middlewares/FreeRTOS/queue.o
                0x08101a00                xQueueSemaphoreTake
 .text.xQueueReceiveFromISR
                0x08101c20      0x104 ./Middlewares/FreeRTOS/queue.o
                0x08101c20                xQueueReceiveFromISR
 .text.prvGetDisinheritPriorityAfterTimeout
                0x08101d24       0x30 ./Middlewares/FreeRTOS/queue.o
 .text.prvCopyDataToQueue
                0x08101d54       0xd4 ./Middlewares/FreeRTOS/queue.o
 .text.prvCopyDataFromQueue
                0x08101e28       0x4c ./Middlewares/FreeRTOS/queue.o
 .text.prvUnlockQueue
                0x08101e74       0xa4 ./Middlewares/FreeRTOS/queue.o
 .text.prvIsQueueEmpty
                0x08101f18       0x2c ./Middlewares/FreeRTOS/queue.o
 .text.prvIsQueueFull
                0x08101f44       0x30 ./Middlewares/FreeRTOS/queue.o
 .text.xTaskCreate
                0x08101f74       0x82 ./Middlewares/FreeRTOS/tasks.o
                0x08101f74                xTaskCreate
 .text.prvInitialiseNewTask
                0x08101ff6      0x120 ./Middlewares/FreeRTOS/tasks.o
 *fill*         0x08102116        0x2 
 .text.prvAddNewTaskToReadyList
                0x08102118       0xdc ./Middlewares/FreeRTOS/tasks.o
 .text.vTaskStartScheduler
                0x081021f4       0x90 ./Middlewares/FreeRTOS/tasks.o
                0x081021f4                vTaskStartScheduler
 .text.vTaskSuspendAll
                0x08102284       0x1c ./Middlewares/FreeRTOS/tasks.o
                0x08102284                vTaskSuspendAll
 .text.xTaskResumeAll
                0x081022a0      0x13c ./Middlewares/FreeRTOS/tasks.o
                0x081022a0                xTaskResumeAll
 .text.xTaskIncrementTick
                0x081023dc      0x174 ./Middlewares/FreeRTOS/tasks.o
                0x081023dc                xTaskIncrementTick
 .text.vTaskSwitchContext
                0x08102550       0xb8 ./Middlewares/FreeRTOS/tasks.o
                0x08102550                vTaskSwitchContext
 .text.vTaskPlaceOnEventList
                0x08102608       0x4c ./Middlewares/FreeRTOS/tasks.o
                0x08102608                vTaskPlaceOnEventList
 .text.xTaskRemoveFromEventList
                0x08102654       0xc8 ./Middlewares/FreeRTOS/tasks.o
                0x08102654                xTaskRemoveFromEventList
 .text.vTaskInternalSetTimeOutState
                0x0810271c       0x2c ./Middlewares/FreeRTOS/tasks.o
                0x0810271c                vTaskInternalSetTimeOutState
 .text.xTaskCheckForTimeOut
                0x08102748       0xc8 ./Middlewares/FreeRTOS/tasks.o
                0x08102748                xTaskCheckForTimeOut
 .text.vTaskMissedYield
                0x08102810       0x18 ./Middlewares/FreeRTOS/tasks.o
                0x08102810                vTaskMissedYield
 .text.prvIdleTask
                0x08102828       0x30 ./Middlewares/FreeRTOS/tasks.o
 .text.prvInitialiseTaskLists
                0x08102858       0x80 ./Middlewares/FreeRTOS/tasks.o
 .text.prvCheckTasksWaitingTermination
                0x081028d8       0x5c ./Middlewares/FreeRTOS/tasks.o
 .text.prvDeleteTCB
                0x08102934       0x20 ./Middlewares/FreeRTOS/tasks.o
 .text.prvResetNextTaskUnblockTime
                0x08102954       0x40 ./Middlewares/FreeRTOS/tasks.o
 .text.xTaskGetSchedulerState
                0x08102994       0x3c ./Middlewares/FreeRTOS/tasks.o
                0x08102994                xTaskGetSchedulerState
 .text.xTaskPriorityInherit
                0x081029d0       0xec ./Middlewares/FreeRTOS/tasks.o
                0x081029d0                xTaskPriorityInherit
 .text.xTaskPriorityDisinherit
                0x08102abc      0x110 ./Middlewares/FreeRTOS/tasks.o
                0x08102abc                xTaskPriorityDisinherit
 .text.vTaskPriorityDisinheritAfterTimeout
                0x08102bcc      0x120 ./Middlewares/FreeRTOS/tasks.o
                0x08102bcc                vTaskPriorityDisinheritAfterTimeout
 .text.pvTaskIncrementMutexHeldCount
                0x08102cec       0x28 ./Middlewares/FreeRTOS/tasks.o
                0x08102cec                pvTaskIncrementMutexHeldCount
 .text.prvAddCurrentTaskToDelayedList
                0x08102d14       0xcc ./Middlewares/FreeRTOS/tasks.o
 .text.pvPortMalloc
                0x08102de0      0x19c ./Middlewares/FreeRTOS/portable/heap_4.o
                0x08102de0                pvPortMalloc
 .text.vPortFree
                0x08102f7c       0xc8 ./Middlewares/FreeRTOS/portable/heap_4.o
                0x08102f7c                vPortFree
 .text.prvHeapInit
                0x08103044       0xc4 ./Middlewares/FreeRTOS/portable/heap_4.o
 .text.prvInsertBlockIntoFreeList
                0x08103108       0xb4 ./Middlewares/FreeRTOS/portable/heap_4.o
 .text.pxPortInitialiseStack
                0x081031bc       0x68 ./Middlewares/FreeRTOS/portable/port.o
                0x081031bc                pxPortInitialiseStack
 .text.prvTaskExitError
                0x08103224       0x5c ./Middlewares/FreeRTOS/portable/port.o
 .text.SVC_Handler
                0x08103280       0x28 ./Middlewares/FreeRTOS/portable/port.o
                0x08103280                SVC_Handler
 .text.prvPortStartFirstTask
                0x081032a8       0x28 ./Middlewares/FreeRTOS/portable/port.o
 .text.xPortStartScheduler
                0x081032d0       0xf8 ./Middlewares/FreeRTOS/portable/port.o
                0x081032d0                xPortStartScheduler
 .text.vPortEnterCritical
                0x081033c8       0x64 ./Middlewares/FreeRTOS/portable/port.o
                0x081033c8                vPortEnterCritical
 .text.vPortExitCritical
                0x0810342c       0x54 ./Middlewares/FreeRTOS/portable/port.o
                0x0810342c                vPortExitCritical
 .text.PendSV_Handler
                0x08103480       0x68 ./Middlewares/FreeRTOS/portable/port.o
                0x08103480                PendSV_Handler
 .text.vPortSetupTimerInterrupt
                0x081034e8       0x48 ./Middlewares/FreeRTOS/portable/port.o
                0x081034e8                vPortSetupTimerInterrupt
 .text.vPortEnableVFP
                0x08103530       0x14 ./Middlewares/FreeRTOS/portable/port.o
 .text.vPortValidateInterruptPriority
                0x08103544       0x84 ./Middlewares/FreeRTOS/portable/port.o
                0x08103544                vPortValidateInterruptPriority
 .text.memset   0x081035c8       0x10 C:/ST/STM32CubeIDE_1.15.1/STM32CubeIDE/plugins/com.st.stm32cube.ide.mcu.externaltools.gnu-tools-for-stm32.12.3.rel1.win32_1.0.100.202403111256/tools/bin/../lib/gcc/arm-none-eabi/12.3.1/../../../../arm-none-eabi/lib/thumb/v7e-m+fp/hard\libc_nano.a(libc_a-memset.o)
                0x081035c8                memset
 .text.__libc_init_array
                0x081035d8       0x48 C:/ST/STM32CubeIDE_1.15.1/STM32CubeIDE/plugins/com.st.stm32cube.ide.mcu.externaltools.gnu-tools-for-stm32.12.3.rel1.win32_1.0.100.202403111256/tools/bin/../lib/gcc/arm-none-eabi/12.3.1/../../../../arm-none-eabi/lib/thumb/v7e-m+fp/hard\libc_nano.a(libc_a-init.o)
                0x081035d8                __libc_init_array
 .text.memcpy   0x08103620       0x1c C:/ST/STM32CubeIDE_1.15.1/STM32CubeIDE/plugins/com.st.stm32cube.ide.mcu.externaltools.gnu-tools-for-stm32.12.3.rel1.win32_1.0.100.202403111256/tools/bin/../lib/gcc/arm-none-eabi/12.3.1/../../../../arm-none-eabi/lib/thumb/v7e-m+fp/hard\libc_nano.a(libc_a-memcpy-stub.o)
                0x08103620                memcpy
 *(.glue_7)
 .glue_7        0x0810363c        0x0 linker stubs
 *(.glue_7t)
 .glue_7t       0x0810363c        0x0 linker stubs
 *(.eh_frame)
 .eh_frame      0x0810363c        0x0 C:/ST/STM32CubeIDE_1.15.1/STM32CubeIDE/plugins/com.st.stm32cube.ide.mcu.externaltools.gnu-tools-for-stm32.12.3.rel1.win32_1.0.100.202403111256/tools/bin/../lib/gcc/arm-none-eabi/12.3.1/thumb/v7e-m+fp/hard/crtbegin.o
 *(.init)
 .init          0x0810363c        0x4 C:/ST/STM32CubeIDE_1.15.1/STM32CubeIDE/plugins/com.st.stm32cube.ide.mcu.externaltools.gnu-tools-for-stm32.12.3.rel1.win32_1.0.100.202403111256/tools/bin/../lib/gcc/arm-none-eabi/12.3.1/thumb/v7e-m+fp/hard/crti.o
                0x0810363c                _init
 .init          0x08103640        0x8 C:/ST/STM32CubeIDE_1.15.1/STM32CubeIDE/plugins/com.st.stm32cube.ide.mcu.externaltools.gnu-tools-for-stm32.12.3.rel1.win32_1.0.100.202403111256/tools/bin/../lib/gcc/arm-none-eabi/12.3.1/thumb/v7e-m+fp/hard/crtn.o
 *(.fini)
 .fini          0x08103648        0x4 C:/ST/STM32CubeIDE_1.15.1/STM32CubeIDE/plugins/com.st.stm32cube.ide.mcu.externaltools.gnu-tools-for-stm32.12.3.rel1.win32_1.0.100.202403111256/tools/bin/../lib/gcc/arm-none-eabi/12.3.1/thumb/v7e-m+fp/hard/crti.o
                0x08103648                _fini
 .fini          0x0810364c        0x8 C:/ST/STM32CubeIDE_1.15.1/STM32CubeIDE/plugins/com.st.stm32cube.ide.mcu.externaltools.gnu-tools-for-stm32.12.3.rel1.win32_1.0.100.202403111256/tools/bin/../lib/gcc/arm-none-eabi/12.3.1/thumb/v7e-m+fp/hard/crtn.o
                0x08103654                        . = ALIGN (0x4)
                0x08103654                        _etext = .

.vfp11_veneer   0x08103654        0x0
 .vfp11_veneer  0x08103654        0x0 linker stubs

.v4_bx          0x08103654        0x0
 .v4_bx         0x08103654        0x0 linker stubs

.iplt           0x08103654        0x0
 .iplt          0x08103654        0x0 C:/ST/STM32CubeIDE_1.15.1/STM32CubeIDE/plugins/com.st.stm32cube.ide.mcu.externaltools.gnu-tools-for-stm32.12.3.rel1.win32_1.0.100.202403111256/tools/bin/../lib/gcc/arm-none-eabi/12.3.1/thumb/v7e-m+fp/hard/crtbegin.o

.rodata         0x08103654       0x4c
                0x08103654                        . = ALIGN (0x4)
 *(.rodata)
 .rodata        0x08103654       0x24 ./Application/User/CM4/main.o
 .rodata        0x08103678        0x5 ./Middlewares/FreeRTOS/tasks.o
 *(.rodata*)
 *fill*         0x0810367d        0x3 
 .rodata.LED_PIN
                0x08103680       0x10 ./Drivers/BSP/STM32H747I_Discovery/stm32h747i_discovery.o
 .rodata.D1CorePrescTable
                0x08103690       0x10 ./Drivers/CMSIS/system_stm32h7xx.o
                0x08103690                D1CorePrescTable
                0x081036a0                        . = ALIGN (0x4)

.rel.dyn        0x081036a0        0x0
 .rel.iplt      0x081036a0        0x0 C:/ST/STM32CubeIDE_1.15.1/STM32CubeIDE/plugins/com.st.stm32cube.ide.mcu.externaltools.gnu-tools-for-stm32.12.3.rel1.win32_1.0.100.202403111256/tools/bin/../lib/gcc/arm-none-eabi/12.3.1/thumb/v7e-m+fp/hard/crtbegin.o

.ARM.extab
 *(.ARM.extab* .gnu.linkonce.armextab.*)

.ARM            0x081036a0        0x0
                0x081036a0                        __exidx_start = .
 *(.ARM.exidx*)
                0x081036a0                        __exidx_end = .

.preinit_array  0x081036a0        0x0
                0x081036a0                        PROVIDE (__preinit_array_start = .)
 *(.preinit_array*)
                0x081036a0                        PROVIDE (__preinit_array_end = .)

.init_array     0x081036a0        0x4
                0x081036a0                        PROVIDE (__init_array_start = .)
 *(SORT_BY_NAME(.init_array.*))
 *(.init_array*)
 .init_array    0x081036a0        0x4 C:/ST/STM32CubeIDE_1.15.1/STM32CubeIDE/plugins/com.st.stm32cube.ide.mcu.externaltools.gnu-tools-for-stm32.12.3.rel1.win32_1.0.100.202403111256/tools/bin/../lib/gcc/arm-none-eabi/12.3.1/thumb/v7e-m+fp/hard/crtbegin.o
                0x081036a4                        PROVIDE (__init_array_end = .)

.fini_array     0x081036a4        0x4
                [!provide]                        PROVIDE (__fini_array_start = .)
 *(SORT_BY_NAME(.fini_array.*))
 *(.fini_array*)
 .fini_array    0x081036a4        0x4 C:/ST/STM32CubeIDE_1.15.1/STM32CubeIDE/plugins/com.st.stm32cube.ide.mcu.externaltools.gnu-tools-for-stm32.12.3.rel1.win32_1.0.100.202403111256/tools/bin/../lib/gcc/arm-none-eabi/12.3.1/thumb/v7e-m+fp/hard/crtbegin.o
                [!provide]                        PROVIDE (__fini_array_end = .)
                0x081036a8                        _sidata = LOADADDR (.data)

.data           0x10000000       0x24 load address 0x081036a8
                0x10000000                        . = ALIGN (0x4)
                0x10000000                        _sdata = .
 *(.data)
 *(.data*)
 .data.LED_PORT
                0x10000000       0x10 ./Drivers/BSP/STM32H747I_Discovery/stm32h747i_discovery.o
 .data.SystemCoreClock
                0x10000010        0x4 ./Drivers/CMSIS/system_stm32h7xx.o
                0x10000010                SystemCoreClock
 .data.SystemD2Clock
                0x10000014        0x4 ./Drivers/CMSIS/system_stm32h7xx.o
                0x10000014                SystemD2Clock
 .data.uwTickPrio
                0x10000018        0x4 ./Drivers/STM32H7xx_HAL_Driver/stm32h7xx_hal.o
                0x10000018                uwTickPrio
 .data.uwTickFreq
                0x1000001c        0x1 ./Drivers/STM32H7xx_HAL_Driver/stm32h7xx_hal.o
                0x1000001c                uwTickFreq
 *fill*         0x1000001d        0x3 
 .data.uxCriticalNesting
                0x10000020        0x4 ./Middlewares/FreeRTOS/portable/port.o
                0x10000024                        . = ALIGN (0x4)
                0x10000024                        _edata = .

.igot.plt       0x10000024        0x0 load address 0x081036cc
 .igot.plt      0x10000024        0x0 C:/ST/STM32CubeIDE_1.15.1/STM32CubeIDE/plugins/com.st.stm32cube.ide.mcu.externaltools.gnu-tools-for-stm32.12.3.rel1.win32_1.0.100.202403111256/tools/bin/../lib/gcc/arm-none-eabi/12.3.1/thumb/v7e-m+fp/hard/crtbegin.o
                0x10000024                        . = ALIGN (0x4)

.bss            0x10000024      0x978 load address 0x081036cc
                0x10000024                        _sbss = .
                0x10000024                        __bss_start__ = _sbss
 *(.bss)
 .bss           0x10000024       0x1c C:/ST/STM32CubeIDE_1.15.1/STM32CubeIDE/plugins/com.st.stm32cube.ide.mcu.externaltools.gnu-tools-for-stm32.12.3.rel1.win32_1.0.100.202403111256/tools/bin/../lib/gcc/arm-none-eabi/12.3.1/thumb/v7e-m+fp/hard/crtbegin.o
 *(.bss*)
 .bss.osSemaphore
                0x10000040        0x4 ./Application/User/CM4/main.o
                0x10000040                osSemaphore
 .bss.uwTick    0x10000044        0x4 ./Drivers/STM32H7xx_HAL_Driver/stm32h7xx_hal.o
                0x10000044                uwTick
 .bss.pxCurrentTCB
                0x10000048        0x4 ./Middlewares/FreeRTOS/tasks.o
                0x10000048                pxCurrentTCB
 .bss.pxReadyTasksLists
                0x1000004c       0x8c ./Middlewares/FreeRTOS/tasks.o
 .bss.xDelayedTaskList1
                0x100000d8       0x14 ./Middlewares/FreeRTOS/tasks.o
 .bss.xDelayedTaskList2
                0x100000ec       0x14 ./Middlewares/FreeRTOS/tasks.o
 .bss.pxDelayedTaskList
                0x10000100        0x4 ./Middlewares/FreeRTOS/tasks.o
 .bss.pxOverflowDelayedTaskList
                0x10000104        0x4 ./Middlewares/FreeRTOS/tasks.o
 .bss.xPendingReadyList
                0x10000108       0x14 ./Middlewares/FreeRTOS/tasks.o
 .bss.xTasksWaitingTermination
                0x1000011c       0x14 ./Middlewares/FreeRTOS/tasks.o
 .bss.uxDeletedTasksWaitingCleanUp
                0x10000130        0x4 ./Middlewares/FreeRTOS/tasks.o
 .bss.xSuspendedTaskList
                0x10000134       0x14 ./Middlewares/FreeRTOS/tasks.o
 .bss.uxCurrentNumberOfTasks
                0x10000148        0x4 ./Middlewares/FreeRTOS/tasks.o
 .bss.xTickCount
                0x1000014c        0x4 ./Middlewares/FreeRTOS/tasks.o
 .bss.uxTopReadyPriority
                0x10000150        0x4 ./Middlewares/FreeRTOS/tasks.o
 .bss.xSchedulerRunning
                0x10000154        0x4 ./Middlewares/FreeRTOS/tasks.o
 .bss.xPendedTicks
                0x10000158        0x4 ./Middlewares/FreeRTOS/tasks.o
 .bss.xYieldPending
                0x1000015c        0x4 ./Middlewares/FreeRTOS/tasks.o
 .bss.xNumOfOverflows
                0x10000160        0x4 ./Middlewares/FreeRTOS/tasks.o
 .bss.uxTaskNumber
                0x10000164        0x4 ./Middlewares/FreeRTOS/tasks.o
 .bss.xNextTaskUnblockTime
                0x10000168        0x4 ./Middlewares/FreeRTOS/tasks.o
 .bss.xIdleTaskHandle
                0x1000016c        0x4 ./Middlewares/FreeRTOS/tasks.o
 .bss.uxSchedulerSuspended
                0x10000170        0x4 ./Middlewares/FreeRTOS/tasks.o
 .bss.ucHeap    0x10000174      0x800 ./Middlewares/FreeRTOS/portable/heap_4.o
 .bss.xStart    0x10000974        0x8 ./Middlewares/FreeRTOS/portable/heap_4.o
 .bss.pxEnd     0x1000097c        0x4 ./Middlewares/FreeRTOS/portable/heap_4.o
 .bss.xFreeBytesRemaining
                0x10000980        0x4 ./Middlewares/FreeRTOS/portable/heap_4.o
 .bss.xMinimumEverFreeBytesRemaining
                0x10000984        0x4 ./Middlewares/FreeRTOS/portable/heap_4.o
 .bss.xNumberOfSuccessfulAllocations
                0x10000988        0x4 ./Middlewares/FreeRTOS/portable/heap_4.o
 .bss.xNumberOfSuccessfulFrees
                0x1000098c        0x4 ./Middlewares/FreeRTOS/portable/heap_4.o
 .bss.xBlockAllocatedBit
                0x10000990        0x4 ./Middlewares/FreeRTOS/portable/heap_4.o
 .bss.ucMaxSysCallPriority
                0x10000994        0x1 ./Middlewares/FreeRTOS/portable/port.o
 *fill*         0x10000995        0x3 
 .bss.ulMaxPRIGROUPValue
                0x10000998        0x4 ./Middlewares/FreeRTOS/portable/port.o
 *(COMMON)
                0x1000099c                        . = ALIGN (0x4)
                0x1000099c                        _ebss = .
                0x1000099c                        __bss_end__ = _ebss

._user_heap_stack
                0x1000099c      0xc04 load address 0x081036cc
                0x100009a0                        . = ALIGN (0x8)
 *fill*         0x1000099c        0x4 
                [!provide]                        PROVIDE (end = .)
                0x100009a0                        PROVIDE (_end = .)
                0x10000da0                        . = (. + _Min_Heap_Size)
 *fill*         0x100009a0      0x400 
                0x100015a0                        . = (. + _Min_Stack_Size)
 *fill*         0x10000da0      0x800 
                0x100015a0                        . = ALIGN (0x8)

/DISCARD/
 libc.a(*)
 libm.a(*)
 libgcc.a(*)

.ARM.attributes
                0x00000000       0x30
 *(.ARM.attributes)
 .ARM.attributes
                0x00000000       0x22 C:/ST/STM32CubeIDE_1.15.1/STM32CubeIDE/plugins/com.st.stm32cube.ide.mcu.externaltools.gnu-tools-for-stm32.12.3.rel1.win32_1.0.100.202403111256/tools/bin/../lib/gcc/arm-none-eabi/12.3.1/thumb/v7e-m+fp/hard/crti.o
 .ARM.attributes
                0x00000022       0x34 C:/ST/STM32CubeIDE_1.15.1/STM32CubeIDE/plugins/com.st.stm32cube.ide.mcu.externaltools.gnu-tools-for-stm32.12.3.rel1.win32_1.0.100.202403111256/tools/bin/../lib/gcc/arm-none-eabi/12.3.1/thumb/v7e-m+fp/hard/crtbegin.o
 .ARM.attributes
                0x00000056       0x34 ./Application/User/CM4/main.o
 .ARM.attributes
                0x0000008a       0x34 ./Application/User/CM4/stm32h7xx_it.o
 .ARM.attributes
                0x000000be       0x21 ./Application/User/Startup/startup_stm32h747xihx.o
 .ARM.attributes
                0x000000df       0x34 ./Drivers/BSP/STM32H747I_Discovery/stm32h747i_discovery.o
 .ARM.attributes
                0x00000113       0x34 ./Drivers/CMSIS/system_stm32h7xx.o
 .ARM.attributes
                0x00000147       0x34 ./Drivers/STM32H7xx_HAL_Driver/stm32h7xx_hal.o
 .ARM.attributes
                0x0000017b       0x34 ./Drivers/STM32H7xx_HAL_Driver/stm32h7xx_hal_cortex.o
 .ARM.attributes
                0x000001af       0x34 ./Drivers/STM32H7xx_HAL_Driver/stm32h7xx_hal_gpio.o
 .ARM.attributes
                0x000001e3       0x34 ./Drivers/STM32H7xx_HAL_Driver/stm32h7xx_hal_hsem.o
 .ARM.attributes
                0x00000217       0x34 ./Drivers/STM32H7xx_HAL_Driver/stm32h7xx_hal_pwr_ex.o
 .ARM.attributes
                0x0000024b       0x34 ./Drivers/STM32H7xx_HAL_Driver/stm32h7xx_hal_rcc.o
 .ARM.attributes
                0x0000027f       0x34 ./Middlewares/FreeRTOS/CMSIS-RTOS/cmsis_os.o
 .ARM.attributes
                0x000002b3       0x34 ./Middlewares/FreeRTOS/list.o
 .ARM.attributes
                0x000002e7       0x34 ./Middlewares/FreeRTOS/queue.o
 .ARM.attributes
                0x0000031b       0x34 ./Middlewares/FreeRTOS/tasks.o
 .ARM.attributes
                0x0000034f       0x34 ./Middlewares/FreeRTOS/portable/heap_4.o
 .ARM.attributes
                0x00000383       0x34 ./Middlewares/FreeRTOS/portable/port.o
 .ARM.attributes
                0x000003b7       0x34 C:/ST/STM32CubeIDE_1.15.1/STM32CubeIDE/plugins/com.st.stm32cube.ide.mcu.externaltools.gnu-tools-for-stm32.12.3.rel1.win32_1.0.100.202403111256/tools/bin/../lib/gcc/arm-none-eabi/12.3.1/../../../../arm-none-eabi/lib/thumb/v7e-m+fp/hard\libc_nano.a(libc_a-memset.o)
 .ARM.attributes
                0x000003eb       0x34 C:/ST/STM32CubeIDE_1.15.1/STM32CubeIDE/plugins/com.st.stm32cube.ide.mcu.externaltools.gnu-tools-for-stm32.12.3.rel1.win32_1.0.100.202403111256/tools/bin/../lib/gcc/arm-none-eabi/12.3.1/../../../../arm-none-eabi/lib/thumb/v7e-m+fp/hard\libc_nano.a(libc_a-init.o)
 .ARM.attributes
                0x0000041f       0x34 C:/ST/STM32CubeIDE_1.15.1/STM32CubeIDE/plugins/com.st.stm32cube.ide.mcu.externaltools.gnu-tools-for-stm32.12.3.rel1.win32_1.0.100.202403111256/tools/bin/../lib/gcc/arm-none-eabi/12.3.1/../../../../arm-none-eabi/lib/thumb/v7e-m+fp/hard\libc_nano.a(libc_a-memcpy-stub.o)
 .ARM.attributes
                0x00000453       0x22 C:/ST/STM32CubeIDE_1.15.1/STM32CubeIDE/plugins/com.st.stm32cube.ide.mcu.externaltools.gnu-tools-for-stm32.12.3.rel1.win32_1.0.100.202403111256/tools/bin/../lib/gcc/arm-none-eabi/12.3.1/thumb/v7e-m+fp/hard/crtn.o
OUTPUT(FreeRTOS_HwSemaphoreCoreSync_CM4.elf elf32-littlearm)
LOAD linker stubs
LOAD C:/ST/STM32CubeIDE_1.15.1/STM32CubeIDE/plugins/com.st.stm32cube.ide.mcu.externaltools.gnu-tools-for-stm32.12.3.rel1.win32_1.0.100.202403111256/tools/bin/../lib/gcc/arm-none-eabi/12.3.1/../../../../arm-none-eabi/lib/thumb/v7e-m+fp/hard\libc.a
LOAD C:/ST/STM32CubeIDE_1.15.1/STM32CubeIDE/plugins/com.st.stm32cube.ide.mcu.externaltools.gnu-tools-for-stm32.12.3.rel1.win32_1.0.100.202403111256/tools/bin/../lib/gcc/arm-none-eabi/12.3.1/../../../../arm-none-eabi/lib/thumb/v7e-m+fp/hard\libm.a
LOAD C:/ST/STM32CubeIDE_1.15.1/STM32CubeIDE/plugins/com.st.stm32cube.ide.mcu.externaltools.gnu-tools-for-stm32.12.3.rel1.win32_1.0.100.202403111256/tools/bin/../lib/gcc/arm-none-eabi/12.3.1/thumb/v7e-m+fp/hard\libgcc.a

.debug_info     0x00000000     0xe79c
 .debug_info    0x00000000      0xf2b ./Application/User/CM4/main.o
 .debug_info    0x00000f2b      0x11e ./Application/User/CM4/stm32h7xx_it.o
 .debug_info    0x00001049       0x30 ./Application/User/Startup/startup_stm32h747xihx.o
 .debug_info    0x00001079     0x1f1d ./Drivers/BSP/STM32H747I_Discovery/stm32h747i_discovery.o
 .debug_info    0x00002f96      0x761 ./Drivers/CMSIS/system_stm32h7xx.o
 .debug_info    0x000036f7     0x17b6 ./Drivers/STM32H7xx_HAL_Driver/stm32h7xx_hal.o
 .debug_info    0x00004ead      0xee1 ./Drivers/STM32H7xx_HAL_Driver/stm32h7xx_hal_cortex.o
 .debug_info    0x00005d8e      0xcf7 ./Drivers/STM32H7xx_HAL_Driver/stm32h7xx_hal_gpio.o
 .debug_info    0x00006a85      0x3d3 ./Drivers/STM32H7xx_HAL_Driver/stm32h7xx_hal_hsem.o
 .debug_info    0x00006e58     0x1026 ./Drivers/STM32H7xx_HAL_Driver/stm32h7xx_hal_pwr_ex.o
 .debug_info    0x00007e7e      0xe58 ./Drivers/STM32H7xx_HAL_Driver/stm32h7xx_hal_rcc.o
 .debug_info    0x00008cd6     0x1890 ./Middlewares/FreeRTOS/CMSIS-RTOS/cmsis_os.o
 .debug_info    0x0000a566      0x2af ./Middlewares/FreeRTOS/list.o
 .debug_info    0x0000a815     0x177d ./Middlewares/FreeRTOS/queue.o
 .debug_info    0x0000bf92     0x1e8e ./Middlewares/FreeRTOS/tasks.o
 .debug_info    0x0000de20      0x4d5 ./Middlewares/FreeRTOS/portable/heap_4.o
 .debug_info    0x0000e2f5      0x4a7 ./Middlewares/FreeRTOS/portable/port.o

.debug_abbrev   0x00000000     0x2713
 .debug_abbrev  0x00000000      0x23a ./Application/User/CM4/main.o
 .debug_abbrev  0x0000023a       0x88 ./Application/User/CM4/stm32h7xx_it.o
 .debug_abbrev  0x000002c2       0x24 ./Application/User/Startup/startup_stm32h747xihx.o
 .debug_abbrev  0x000002e6      0x3c4 ./Drivers/BSP/STM32H747I_Discovery/stm32h747i_discovery.o
 .debug_abbrev  0x000006aa      0x138 ./Drivers/CMSIS/system_stm32h7xx.o
 .debug_abbrev  0x000007e2      0x29f ./Drivers/STM32H7xx_HAL_Driver/stm32h7xx_hal.o
 .debug_abbrev  0x00000a81      0x337 ./Drivers/STM32H7xx_HAL_Driver/stm32h7xx_hal_cortex.o
 .debug_abbrev  0x00000db8      0x1fe ./Drivers/STM32H7xx_HAL_Driver/stm32h7xx_hal_gpio.o
 .debug_abbrev  0x00000fb6      0x1d3 ./Drivers/STM32H7xx_HAL_Driver/stm32h7xx_hal_hsem.o
 .debug_abbrev  0x00001189      0x2d6 ./Drivers/STM32H7xx_HAL_Driver/stm32h7xx_hal_pwr_ex.o
 .debug_abbrev  0x0000145f      0x2c8 ./Drivers/STM32H7xx_HAL_Driver/stm32h7xx_hal_rcc.o
 .debug_abbrev  0x00001727      0x3b1 ./Middlewares/FreeRTOS/CMSIS-RTOS/cmsis_os.o
 .debug_abbrev  0x00001ad8       0xf5 ./Middlewares/FreeRTOS/list.o
 .debug_abbrev  0x00001bcd      0x351 ./Middlewares/FreeRTOS/queue.o
 .debug_abbrev  0x00001f1e      0x369 ./Middlewares/FreeRTOS/tasks.o
 .debug_abbrev  0x00002287      0x21d ./Middlewares/FreeRTOS/portable/heap_4.o
 .debug_abbrev  0x000024a4      0x26f ./Middlewares/FreeRTOS/portable/port.o

.debug_aranges  0x00000000      0xdf8
 .debug_aranges
                0x00000000       0x30 ./Application/User/CM4/main.o
 .debug_aranges
                0x00000030       0x58 ./Application/User/CM4/stm32h7xx_it.o
 .debug_aranges
                0x00000088       0x28 ./Application/User/Startup/startup_stm32h747xihx.o
 .debug_aranges
                0x000000b0      0x118 ./Drivers/BSP/STM32H747I_Discovery/stm32h747i_discovery.o
 .debug_aranges
                0x000001c8       0x28 ./Drivers/CMSIS/system_stm32h7xx.o
 .debug_aranges
                0x000001f0      0x200 ./Drivers/STM32H7xx_HAL_Driver/stm32h7xx_hal.o
 .debug_aranges
                0x000003f0      0x120 ./Drivers/STM32H7xx_HAL_Driver/stm32h7xx_hal_cortex.o
 .debug_aranges
                0x00000510       0x58 ./Drivers/STM32H7xx_HAL_Driver/stm32h7xx_hal_gpio.o
 .debug_aranges
                0x00000568       0x70 ./Drivers/STM32H7xx_HAL_Driver/stm32h7xx_hal_hsem.o
 .debug_aranges
                0x000005d8      0x170 ./Drivers/STM32H7xx_HAL_Driver/stm32h7xx_hal_pwr_ex.o
 .debug_aranges
                0x00000748       0x88 ./Drivers/STM32H7xx_HAL_Driver/stm32h7xx_hal_rcc.o
 .debug_aranges
                0x000007d0      0x1e8 ./Middlewares/FreeRTOS/CMSIS-RTOS/cmsis_os.o
 .debug_aranges
                0x000009b8       0x40 ./Middlewares/FreeRTOS/list.o
 .debug_aranges
                0x000009f8      0x138 ./Middlewares/FreeRTOS/queue.o
 .debug_aranges
                0x00000b30      0x1f0 ./Middlewares/FreeRTOS/tasks.o
 .debug_aranges
                0x00000d20       0x58 ./Middlewares/FreeRTOS/portable/heap_4.o
 .debug_aranges
                0x00000d78       0x80 ./Middlewares/FreeRTOS/portable/port.o

.debug_rnglists
                0x00000000      0xa80
 .debug_rnglists
                0x00000000       0x20 ./Application/User/CM4/main.o
 .debug_rnglists
                0x00000020       0x3d ./Application/User/CM4/stm32h7xx_it.o
 .debug_rnglists
                0x0000005d       0x19 ./Application/User/Startup/startup_stm32h747xihx.o
 .debug_rnglists
                0x00000076       0xd2 ./Drivers/BSP/STM32H747I_Discovery/stm32h747i_discovery.o
 .debug_rnglists
                0x00000148       0x1a ./Drivers/CMSIS/system_stm32h7xx.o
 .debug_rnglists
                0x00000162      0x181 ./Drivers/STM32H7xx_HAL_Driver/stm32h7xx_hal.o
 .debug_rnglists
                0x000002e3       0xd4 ./Drivers/STM32H7xx_HAL_Driver/stm32h7xx_hal_cortex.o
 .debug_rnglists
                0x000003b7       0x3f ./Drivers/STM32H7xx_HAL_Driver/stm32h7xx_hal_gpio.o
 .debug_rnglists
                0x000003f6       0x4f ./Drivers/STM32H7xx_HAL_Driver/stm32h7xx_hal_hsem.o
 .debug_rnglists
                0x00000445      0x117 ./Drivers/STM32H7xx_HAL_Driver/stm32h7xx_hal_pwr_ex.o
 .debug_rnglists
                0x0000055c       0x68 ./Drivers/STM32H7xx_HAL_Driver/stm32h7xx_hal_rcc.o
 .debug_rnglists
                0x000005c4      0x175 ./Middlewares/FreeRTOS/CMSIS-RTOS/cmsis_os.o
 .debug_rnglists
                0x00000739       0x2b ./Middlewares/FreeRTOS/list.o
 .debug_rnglists
                0x00000764       0xf0 ./Middlewares/FreeRTOS/queue.o
 .debug_rnglists
                0x00000854      0x18d ./Middlewares/FreeRTOS/tasks.o
 .debug_rnglists
                0x000009e1       0x42 ./Middlewares/FreeRTOS/portable/heap_4.o
 .debug_rnglists
                0x00000a23       0x5d ./Middlewares/FreeRTOS/portable/port.o

.debug_macro    0x00000000    0x40aec
 .debug_macro   0x00000000      0x39b ./Application/User/CM4/main.o
 .debug_macro   0x0000039b      0xac6 ./Application/User/CM4/main.o
 .debug_macro   0x00000e61       0xd9 ./Application/User/CM4/main.o
 .debug_macro   0x00000f3a       0x2e ./Application/User/CM4/main.o
 .debug_macro   0x00000f68       0x3b ./Application/User/CM4/main.o
 .debug_macro   0x00000fa3       0x22 ./Application/User/CM4/main.o
 .debug_macro   0x00000fc5       0x8e ./Application/User/CM4/main.o
 .debug_macro   0x00001053       0x51 ./Application/User/CM4/main.o
 .debug_macro   0x000010a4      0x103 ./Application/User/CM4/main.o
 .debug_macro   0x000011a7       0x6a ./Application/User/CM4/main.o
 .debug_macro   0x00001211      0x1df ./Application/User/CM4/main.o
 .debug_macro   0x000013f0       0x1c ./Application/User/CM4/main.o
 .debug_macro   0x0000140c       0x22 ./Application/User/CM4/main.o
 .debug_macro   0x0000142e       0xfb ./Application/User/CM4/main.o
 .debug_macro   0x00001529     0x1011 ./Application/User/CM4/main.o
 .debug_macro   0x0000253a      0x11f ./Application/User/CM4/main.o
 .debug_macro   0x00002659    0x2c717 ./Application/User/CM4/main.o
 .debug_macro   0x0002ed70       0x6d ./Application/User/CM4/main.o
 .debug_macro   0x0002eddd     0x3d5d ./Application/User/CM4/main.o
 .debug_macro   0x00032b3a      0x189 ./Application/User/CM4/main.o
 .debug_macro   0x00032cc3       0x61 ./Application/User/CM4/main.o
 .debug_macro   0x00032d24       0x2a ./Application/User/CM4/main.o
 .debug_macro   0x00032d4e       0x43 ./Application/User/CM4/main.o
 .debug_macro   0x00032d91       0x34 ./Application/User/CM4/main.o
 .debug_macro   0x00032dc5       0x16 ./Application/User/CM4/main.o
 .debug_macro   0x00032ddb       0x43 ./Application/User/CM4/main.o
 .debug_macro   0x00032e1e       0x34 ./Application/User/CM4/main.o
 .debug_macro   0x00032e52       0x10 ./Application/User/CM4/main.o
 .debug_macro   0x00032e62       0x58 ./Application/User/CM4/main.o
 .debug_macro   0x00032eba       0x8e ./Application/User/CM4/main.o
 .debug_macro   0x00032f48       0x1c ./Application/User/CM4/main.o
 .debug_macro   0x00032f64      0x177 ./Application/User/CM4/main.o
 .debug_macro   0x000330db      0x369 ./Application/User/CM4/main.o
 .debug_macro   0x00033444      0x19b ./Application/User/CM4/main.o
 .debug_macro   0x000335df       0x5d ./Application/User/CM4/main.o
 .debug_macro   0x0003363c     0x3ae3 ./Application/User/CM4/main.o
 .debug_macro   0x0003711f     0x1095 ./Application/User/CM4/main.o
 .debug_macro   0x000381b4      0x154 ./Application/User/CM4/main.o
 .debug_macro   0x00038308      0x130 ./Application/User/CM4/main.o
 .debug_macro   0x00038438      0x3c5 ./Application/User/CM4/main.o
 .debug_macro   0x000387fd       0xac ./Application/User/CM4/main.o
 .debug_macro   0x000388a9      0x72d ./Application/User/CM4/main.o
 .debug_macro   0x00038fd6      0x228 ./Application/User/CM4/main.o
 .debug_macro   0x000391fe       0x66 ./Application/User/CM4/main.o
 .debug_macro   0x00039264      0x407 ./Application/User/CM4/main.o
 .debug_macro   0x0003966b      0x244 ./Application/User/CM4/main.o
 .debug_macro   0x000398af     0x1044 ./Application/User/CM4/main.o
 .debug_macro   0x0003a8f3      0x6cc ./Application/User/CM4/main.o
 .debug_macro   0x0003afbf      0x36e ./Application/User/CM4/main.o
 .debug_macro   0x0003b32d      0x3ca ./Application/User/CM4/main.o
 .debug_macro   0x0003b6f7      0x4a2 ./Application/User/CM4/main.o
 .debug_macro   0x0003bb99       0x51 ./Application/User/CM4/main.o
 .debug_macro   0x0003bbea       0x4a ./Application/User/CM4/main.o
 .debug_macro   0x0003bc34      0x22c ./Application/User/CM4/main.o
 .debug_macro   0x0003be60       0x67 ./Application/User/CM4/main.o
 .debug_macro   0x0003bec7       0xa5 ./Application/User/CM4/main.o
 .debug_macro   0x0003bf6c      0x218 ./Application/User/CM4/main.o
 .debug_macro   0x0003c184      0x2ea ./Application/User/CM4/main.o
 .debug_macro   0x0003c46e       0x35 ./Application/User/CM4/main.o
 .debug_macro   0x0003c4a3      0x693 ./Application/User/CM4/main.o
 .debug_macro   0x0003cb36       0xa6 ./Application/User/CM4/main.o
 .debug_macro   0x0003cbdc      0x798 ./Application/User/CM4/main.o
 .debug_macro   0x0003d374       0xb2 ./Application/User/CM4/main.o
 .debug_macro   0x0003d426       0xa0 ./Application/User/CM4/main.o
 .debug_macro   0x0003d4c6      0x1fc ./Application/User/CM4/main.o
 .debug_macro   0x0003d6c2      0x112 ./Application/User/CM4/main.o
 .debug_macro   0x0003d7d4      0x15a ./Application/User/CM4/main.o
 .debug_macro   0x0003d92e       0xe4 ./Application/User/CM4/main.o
 .debug_macro   0x0003da12       0x1c ./Application/User/CM4/main.o
 .debug_macro   0x0003da2e       0x26 ./Application/User/CM4/main.o
 .debug_macro   0x0003da54      0x4da ./Application/User/CM4/main.o
 .debug_macro   0x0003df2e       0xb5 ./Application/User/CM4/main.o
 .debug_macro   0x0003dfe3       0xaa ./Application/User/CM4/main.o
 .debug_macro   0x0003e08d       0x91 ./Application/User/CM4/main.o
 .debug_macro   0x0003e11e       0x86 ./Application/User/CM4/main.o
 .debug_macro   0x0003e1a4       0x7e ./Application/User/CM4/main.o
 .debug_macro   0x0003e222       0xcf ./Application/User/CM4/main.o
 .debug_macro   0x0003e2f1      0x2e4 ./Application/User/CM4/stm32h7xx_it.o
 .debug_macro   0x0003e5d5      0x2d6 ./Drivers/BSP/STM32H747I_Discovery/stm32h747i_discovery.o
 .debug_macro   0x0003e8ab       0xac ./Drivers/BSP/STM32H747I_Discovery/stm32h747i_discovery.o
 .debug_macro   0x0003e957      0x2b5 ./Drivers/CMSIS/system_stm32h7xx.o
 .debug_macro   0x0003ec0c      0x2d9 ./Drivers/STM32H7xx_HAL_Driver/stm32h7xx_hal.o
 .debug_macro   0x0003eee5      0x2af ./Drivers/STM32H7xx_HAL_Driver/stm32h7xx_hal_cortex.o
 .debug_macro   0x0003f194      0x2c3 ./Drivers/STM32H7xx_HAL_Driver/stm32h7xx_hal_gpio.o
 .debug_macro   0x0003f457      0x2c1 ./Drivers/STM32H7xx_HAL_Driver/stm32h7xx_hal_hsem.o
 .debug_macro   0x0003f718      0x2e8 ./Drivers/STM32H7xx_HAL_Driver/stm32h7xx_hal_pwr_ex.o
 .debug_macro   0x0003fa00      0x2d3 ./Drivers/STM32H7xx_HAL_Driver/stm32h7xx_hal_rcc.o
 .debug_macro   0x0003fcd3      0x200 ./Middlewares/FreeRTOS/CMSIS-RTOS/cmsis_os.o
 .debug_macro   0x0003fed3       0x10 ./Middlewares/FreeRTOS/CMSIS-RTOS/cmsis_os.o
 .debug_macro   0x0003fee3       0x20 ./Middlewares/FreeRTOS/CMSIS-RTOS/cmsis_os.o
 .debug_macro   0x0003ff03      0x112 ./Middlewares/FreeRTOS/CMSIS-RTOS/cmsis_os.o
 .debug_macro   0x00040015       0xe9 ./Middlewares/FreeRTOS/CMSIS-RTOS/cmsis_os.o
 .debug_macro   0x000400fe      0x187 ./Middlewares/FreeRTOS/list.o
 .debug_macro   0x00040285      0x216 ./Middlewares/FreeRTOS/queue.o
 .debug_macro   0x0004049b       0x16 ./Middlewares/FreeRTOS/queue.o
 .debug_macro   0x000404b1       0x80 ./Middlewares/FreeRTOS/queue.o
 .debug_macro   0x00040531      0x279 ./Middlewares/FreeRTOS/tasks.o
 .debug_macro   0x000407aa       0x10 ./Middlewares/FreeRTOS/tasks.o
 .debug_macro   0x000407ba      0x1ae ./Middlewares/FreeRTOS/portable/heap_4.o
 .debug_macro   0x00040968      0x184 ./Middlewares/FreeRTOS/portable/port.o

.debug_line     0x00000000     0xeed9
 .debug_line    0x00000000      0xbc6 ./Application/User/CM4/main.o
 .debug_line    0x00000bc6      0xa8a ./Application/User/CM4/stm32h7xx_it.o
 .debug_line    0x00001650       0x7a ./Application/User/Startup/startup_stm32h747xihx.o
 .debug_line    0x000016ca      0xf1c ./Drivers/BSP/STM32H747I_Discovery/stm32h747i_discovery.o
 .debug_line    0x000025e6      0xa80 ./Drivers/CMSIS/system_stm32h7xx.o
 .debug_line    0x00003066     0x105e ./Drivers/STM32H7xx_HAL_Driver/stm32h7xx_hal.o
 .debug_line    0x000040c4      0xf0d ./Drivers/STM32H7xx_HAL_Driver/stm32h7xx_hal_cortex.o
 .debug_line    0x00004fd1      0xdd6 ./Drivers/STM32H7xx_HAL_Driver/stm32h7xx_hal_gpio.o
 .debug_line    0x00005da7      0xac4 ./Drivers/STM32H7xx_HAL_Driver/stm32h7xx_hal_hsem.o
 .debug_line    0x0000686b     0x1126 ./Drivers/STM32H7xx_HAL_Driver/stm32h7xx_hal_pwr_ex.o
 .debug_line    0x00007991     0x14cc ./Drivers/STM32H7xx_HAL_Driver/stm32h7xx_hal_rcc.o
 .debug_line    0x00008e5d     0x1317 ./Middlewares/FreeRTOS/CMSIS-RTOS/cmsis_os.o
 .debug_line    0x0000a174      0x7f3 ./Middlewares/FreeRTOS/list.o
 .debug_line    0x0000a967     0x1622 ./Middlewares/FreeRTOS/queue.o
 .debug_line    0x0000bf89     0x1c85 ./Middlewares/FreeRTOS/tasks.o
 .debug_line    0x0000dc0e      0xa1e ./Middlewares/FreeRTOS/portable/heap_4.o
 .debug_line    0x0000e62c      0x8ad ./Middlewares/FreeRTOS/portable/port.o

.debug_str      0x00000000   0x1ab923
 .debug_str     0x00000000   0x1a5a21 ./Application/User/CM4/main.o
                             0x1a6190 (size before relaxing)
 .debug_str     0x001a5a21      0x11e ./Application/User/CM4/stm32h7xx_it.o
                             0x19f81d (size before relaxing)
 .debug_str     0x001a5b3f       0x50 ./Application/User/Startup/startup_stm32h747xihx.o
                                 0xb6 (size before relaxing)
 .debug_str     0x001a5b8f      0xcf9 ./Drivers/BSP/STM32H747I_Discovery/stm32h747i_discovery.o
                             0x1a100e (size before relaxing)
 .debug_str     0x001a6888      0x12b ./Drivers/CMSIS/system_stm32h7xx.o
                             0x19e9d4 (size before relaxing)
 .debug_str     0x001a69b3      0xac6 ./Drivers/STM32H7xx_HAL_Driver/stm32h7xx_hal.o
                             0x19fd3d (size before relaxing)
 .debug_str     0x001a7479      0x36a ./Drivers/STM32H7xx_HAL_Driver/stm32h7xx_hal_cortex.o
                             0x19f48b (size before relaxing)
 .debug_str     0x001a77e3      0x149 ./Drivers/STM32H7xx_HAL_Driver/stm32h7xx_hal_gpio.o
                             0x19ec22 (size before relaxing)
 .debug_str     0x001a792c      0x1bd ./Drivers/STM32H7xx_HAL_Driver/stm32h7xx_hal_hsem.o
                             0x19e8ad (size before relaxing)
 .debug_str     0x001a7ae9      0x6da ./Drivers/STM32H7xx_HAL_Driver/stm32h7xx_hal_pwr_ex.o
                             0x19f078 (size before relaxing)
 .debug_str     0x001a81c3      0x552 ./Drivers/STM32H7xx_HAL_Driver/stm32h7xx_hal_rcc.o
                             0x19efa3 (size before relaxing)
 .debug_str     0x001a8715      0xadb ./Middlewares/FreeRTOS/CMSIS-RTOS/cmsis_os.o
                               0xe302 (size before relaxing)
 .debug_str     0x001a91f0      0x26a ./Middlewares/FreeRTOS/list.o
                               0xac1c (size before relaxing)
 .debug_str     0x001a945a      0x8aa ./Middlewares/FreeRTOS/queue.o
                               0xc4f4 (size before relaxing)
 .debug_str     0x001a9d04     0x1158 ./Middlewares/FreeRTOS/tasks.o
                               0xd0ba (size before relaxing)
 .debug_str     0x001aae5c      0x379 ./Middlewares/FreeRTOS/portable/heap_4.o
                               0xb55e (size before relaxing)
 .debug_str     0x001ab1d5      0x74e ./Middlewares/FreeRTOS/portable/port.o
                               0x87e2 (size before relaxing)

.comment        0x00000000       0x43
 .comment       0x00000000       0x43 ./Application/User/CM4/main.o
                                 0x44 (size before relaxing)
 .comment       0x00000043       0x44 ./Application/User/CM4/stm32h7xx_it.o
 .comment       0x00000043       0x44 ./Drivers/BSP/STM32H747I_Discovery/stm32h747i_discovery.o
 .comment       0x00000043       0x44 ./Drivers/CMSIS/system_stm32h7xx.o
 .comment       0x00000043       0x44 ./Drivers/STM32H7xx_HAL_Driver/stm32h7xx_hal.o
 .comment       0x00000043       0x44 ./Drivers/STM32H7xx_HAL_Driver/stm32h7xx_hal_cortex.o
 .comment       0x00000043       0x44 ./Drivers/STM32H7xx_HAL_Driver/stm32h7xx_hal_gpio.o
 .comment       0x00000043       0x44 ./Drivers/STM32H7xx_HAL_Driver/stm32h7xx_hal_hsem.o
 .comment       0x00000043       0x44 ./Drivers/STM32H7xx_HAL_Driver/stm32h7xx_hal_pwr_ex.o
 .comment       0x00000043       0x44 ./Drivers/STM32H7xx_HAL_Driver/stm32h7xx_hal_rcc.o
 .comment       0x00000043       0x44 ./Middlewares/FreeRTOS/CMSIS-RTOS/cmsis_os.o
 .comment       0x00000043       0x44 ./Middlewares/FreeRTOS/list.o
 .comment       0x00000043       0x44 ./Middlewares/FreeRTOS/queue.o
 .comment       0x00000043       0x44 ./Middlewares/FreeRTOS/tasks.o
 .comment       0x00000043       0x44 ./Middlewares/FreeRTOS/portable/heap_4.o
 .comment       0x00000043       0x44 ./Middlewares/FreeRTOS/portable/port.o

.debug_frame    0x00000000     0x3834
 .debug_frame   0x00000000       0x78 ./Application/User/CM4/main.o
 .debug_frame   0x00000078       0xe8 ./Application/User/CM4/stm32h7xx_it.o
 .debug_frame   0x00000160      0x460 ./Drivers/BSP/STM32H747I_Discovery/stm32h747i_discovery.o
 .debug_frame   0x000005c0       0x58 ./Drivers/CMSIS/system_stm32h7xx.o
 .debug_frame   0x00000618      0x848 ./Drivers/STM32H7xx_HAL_Driver/stm32h7xx_hal.o
 .debug_frame   0x00000e60      0x4b8 ./Drivers/STM32H7xx_HAL_Driver/stm32h7xx_hal_cortex.o
 .debug_frame   0x00001318      0x14c ./Drivers/STM32H7xx_HAL_Driver/stm32h7xx_hal_gpio.o
 .debug_frame   0x00001464      0x1bc ./Drivers/STM32H7xx_HAL_Driver/stm32h7xx_hal_hsem.o
 .debug_frame   0x00001620      0x5ec ./Drivers/STM32H7xx_HAL_Driver/stm32h7xx_hal_pwr_ex.o
 .debug_frame   0x00001c0c      0x1f8 ./Drivers/STM32H7xx_HAL_Driver/stm32h7xx_hal_rcc.o
 .debug_frame   0x00001e04      0x840 ./Middlewares/FreeRTOS/CMSIS-RTOS/cmsis_os.o
 .debug_frame   0x00002644       0xd8 ./Middlewares/FreeRTOS/list.o
 .debug_frame   0x0000271c      0x558 ./Middlewares/FreeRTOS/queue.o
 .debug_frame   0x00002c74      0x878 ./Middlewares/FreeRTOS/tasks.o
 .debug_frame   0x000034ec      0x12c ./Middlewares/FreeRTOS/portable/heap_4.o
 .debug_frame   0x00003618      0x1a8 ./Middlewares/FreeRTOS/portable/port.o
 .debug_frame   0x000037c0       0x20 C:/ST/STM32CubeIDE_1.15.1/STM32CubeIDE/plugins/com.st.stm32cube.ide.mcu.externaltools.gnu-tools-for-stm32.12.3.rel1.win32_1.0.100.202403111256/tools/bin/../lib/gcc/arm-none-eabi/12.3.1/../../../../arm-none-eabi/lib/thumb/v7e-m+fp/hard\libc_nano.a(libc_a-memset.o)
 .debug_frame   0x000037e0       0x2c C:/ST/STM32CubeIDE_1.15.1/STM32CubeIDE/plugins/com.st.stm32cube.ide.mcu.externaltools.gnu-tools-for-stm32.12.3.rel1.win32_1.0.100.202403111256/tools/bin/../lib/gcc/arm-none-eabi/12.3.1/../../../../arm-none-eabi/lib/thumb/v7e-m+fp/hard\libc_nano.a(libc_a-init.o)
 .debug_frame   0x0000380c       0x28 C:/ST/STM32CubeIDE_1.15.1/STM32CubeIDE/plugins/com.st.stm32cube.ide.mcu.externaltools.gnu-tools-for-stm32.12.3.rel1.win32_1.0.100.202403111256/tools/bin/../lib/gcc/arm-none-eabi/12.3.1/../../../../arm-none-eabi/lib/thumb/v7e-m+fp/hard\libc_nano.a(libc_a-memcpy-stub.o)

.debug_line_str
                0x00000000       0x9a
 .debug_line_str
                0x00000000       0x9a ./Application/User/Startup/startup_stm32h747xihx.o
