Archive member included to satisfy reference by file (symbol)

C:/ST/STM32CubeIDE_1.15.1/STM32CubeIDE/plugins/com.st.stm32cube.ide.mcu.externaltools.gnu-tools-for-stm32.12.3.rel1.win32_1.0.100.202403111256/tools/bin/../lib/gcc/arm-none-eabi/12.3.1/../../../../arm-none-eabi/lib/thumb/v7e-m+dp/hard\libc_nano.a(libc_a-exit.o)
                              C:/ST/STM32CubeIDE_1.15.1/STM32CubeIDE/plugins/com.st.stm32cube.ide.mcu.externaltools.gnu-tools-for-stm32.12.3.rel1.win32_1.0.100.202403111256/tools/bin/../lib/gcc/arm-none-eabi/12.3.1/../../../../arm-none-eabi/lib/thumb/v7e-m+dp/hard/crt0.o (exit)
C:/ST/STM32CubeIDE_1.15.1/STM32CubeIDE/plugins/com.st.stm32cube.ide.mcu.externaltools.gnu-tools-for-stm32.12.3.rel1.win32_1.0.100.202403111256/tools/bin/../lib/gcc/arm-none-eabi/12.3.1/../../../../arm-none-eabi/lib/thumb/v7e-m+dp/hard\libc_nano.a(libc_a-findfp.o)
                              C:/ST/STM32CubeIDE_1.15.1/STM32CubeIDE/plugins/com.st.stm32cube.ide.mcu.externaltools.gnu-tools-for-stm32.12.3.rel1.win32_1.0.100.202403111256/tools/bin/../lib/gcc/arm-none-eabi/12.3.1/../../../../arm-none-eabi/lib/thumb/v7e-m+dp/hard\libc_nano.a(libc_a-exit.o) (__stdio_exit_handler)
C:/ST/STM32CubeIDE_1.15.1/STM32CubeIDE/plugins/com.st.stm32cube.ide.mcu.externaltools.gnu-tools-for-stm32.12.3.rel1.win32_1.0.100.202403111256/tools/bin/../lib/gcc/arm-none-eabi/12.3.1/../../../../arm-none-eabi/lib/thumb/v7e-m+dp/hard\libc_nano.a(libc_a-fwalk.o)
                              C:/ST/STM32CubeIDE_1.15.1/STM32CubeIDE/plugins/com.st.stm32cube.ide.mcu.externaltools.gnu-tools-for-stm32.12.3.rel1.win32_1.0.100.202403111256/tools/bin/../lib/gcc/arm-none-eabi/12.3.1/../../../../arm-none-eabi/lib/thumb/v7e-m+dp/hard\libc_nano.a(libc_a-findfp.o) (_fwalk_sglue)
C:/ST/STM32CubeIDE_1.15.1/STM32CubeIDE/plugins/com.st.stm32cube.ide.mcu.externaltools.gnu-tools-for-stm32.12.3.rel1.win32_1.0.100.202403111256/tools/bin/../lib/gcc/arm-none-eabi/12.3.1/../../../../arm-none-eabi/lib/thumb/v7e-m+dp/hard\libc_nano.a(libc_a-stdio.o)
                              C:/ST/STM32CubeIDE_1.15.1/STM32CubeIDE/plugins/com.st.stm32cube.ide.mcu.externaltools.gnu-tools-for-stm32.12.3.rel1.win32_1.0.100.202403111256/tools/bin/../lib/gcc/arm-none-eabi/12.3.1/../../../../arm-none-eabi/lib/thumb/v7e-m+dp/hard\libc_nano.a(libc_a-findfp.o) (__sread)
C:/ST/STM32CubeIDE_1.15.1/STM32CubeIDE/plugins/com.st.stm32cube.ide.mcu.externaltools.gnu-tools-for-stm32.12.3.rel1.win32_1.0.100.202403111256/tools/bin/../lib/gcc/arm-none-eabi/12.3.1/../../../../arm-none-eabi/lib/thumb/v7e-m+dp/hard\libc_nano.a(libc_a-memset.o)
                              C:/ST/STM32CubeIDE_1.15.1/STM32CubeIDE/plugins/com.st.stm32cube.ide.mcu.externaltools.gnu-tools-for-stm32.12.3.rel1.win32_1.0.100.202403111256/tools/bin/../lib/gcc/arm-none-eabi/12.3.1/../../../../arm-none-eabi/lib/thumb/v7e-m+dp/hard/crt0.o (memset)
C:/ST/STM32CubeIDE_1.15.1/STM32CubeIDE/plugins/com.st.stm32cube.ide.mcu.externaltools.gnu-tools-for-stm32.12.3.rel1.win32_1.0.100.202403111256/tools/bin/../lib/gcc/arm-none-eabi/12.3.1/../../../../arm-none-eabi/lib/thumb/v7e-m+dp/hard\libc_nano.a(libc_a-closer.o)
                              C:/ST/STM32CubeIDE_1.15.1/STM32CubeIDE/plugins/com.st.stm32cube.ide.mcu.externaltools.gnu-tools-for-stm32.12.3.rel1.win32_1.0.100.202403111256/tools/bin/../lib/gcc/arm-none-eabi/12.3.1/../../../../arm-none-eabi/lib/thumb/v7e-m+dp/hard\libc_nano.a(libc_a-stdio.o) (_close_r)
C:/ST/STM32CubeIDE_1.15.1/STM32CubeIDE/plugins/com.st.stm32cube.ide.mcu.externaltools.gnu-tools-for-stm32.12.3.rel1.win32_1.0.100.202403111256/tools/bin/../lib/gcc/arm-none-eabi/12.3.1/../../../../arm-none-eabi/lib/thumb/v7e-m+dp/hard\libc_nano.a(libc_a-reent.o)
                              C:/ST/STM32CubeIDE_1.15.1/STM32CubeIDE/plugins/com.st.stm32cube.ide.mcu.externaltools.gnu-tools-for-stm32.12.3.rel1.win32_1.0.100.202403111256/tools/bin/../lib/gcc/arm-none-eabi/12.3.1/../../../../arm-none-eabi/lib/thumb/v7e-m+dp/hard\libc_nano.a(libc_a-closer.o) (errno)
C:/ST/STM32CubeIDE_1.15.1/STM32CubeIDE/plugins/com.st.stm32cube.ide.mcu.externaltools.gnu-tools-for-stm32.12.3.rel1.win32_1.0.100.202403111256/tools/bin/../lib/gcc/arm-none-eabi/12.3.1/../../../../arm-none-eabi/lib/thumb/v7e-m+dp/hard\libc_nano.a(libc_a-impure.o)
                              C:/ST/STM32CubeIDE_1.15.1/STM32CubeIDE/plugins/com.st.stm32cube.ide.mcu.externaltools.gnu-tools-for-stm32.12.3.rel1.win32_1.0.100.202403111256/tools/bin/../lib/gcc/arm-none-eabi/12.3.1/../../../../arm-none-eabi/lib/thumb/v7e-m+dp/hard\libc_nano.a(libc_a-reent.o) (_impure_ptr)
C:/ST/STM32CubeIDE_1.15.1/STM32CubeIDE/plugins/com.st.stm32cube.ide.mcu.externaltools.gnu-tools-for-stm32.12.3.rel1.win32_1.0.100.202403111256/tools/bin/../lib/gcc/arm-none-eabi/12.3.1/../../../../arm-none-eabi/lib/thumb/v7e-m+dp/hard\libc_nano.a(libc_a-lseekr.o)
[...]
Memory Configuration

Name             Origin             Length             Attributes
FLASH            0x08000000         0x00100000         xr
RAM              0x20000000         0x00020000         xrw
ITCMRAM          0x00000000         0x00010000         xrw
*default*        0x00000000         0xffffffff

Linker script and memory map

LOAD C:/ST/STM32CubeIDE_1.15.1/STM32CubeIDE/plugins/com.st.stm32cube.ide.mcu.externaltools.gnu-tools-for-stm32.12.3.rel1.win32_1.0.100.202403111256/tools/bin/../lib/gcc/arm-none-eabi/12.3.1/thumb/v7e-m+dp/hard/crti.o
LOAD C:/ST/STM32CubeIDE_1.15.1/STM32CubeIDE/plugins/com.st.stm32cube.ide.mcu.externaltools.gnu-tools-for-stm32.12.3.rel1.win32_1.0.100.202403111256/tools/bin/../lib/gcc/arm-none-eabi/12.3.1/thumb/v7e-m+dp/hard/crtbegin.o
LOAD C:/ST/STM32CubeIDE_1.15.1/STM32CubeIDE/plugins/com.st.stm32cube.ide.mcu.externaltools.gnu-tools-for-stm32.12.3.rel1.win32_1.0.100.202403111256/tools/bin/../lib/gcc/arm-none-eabi/12.3.1/../../../../arm-none-eabi/lib/thumb/v7e-m+dp/hard/crt0.o
LOAD ./Application/User/CM7/main.o
LOAD ./Application/User/CM7/stm32h7xx_hal_timebase_tim.o
LOAD ./Application/User/CM7/stm32h7xx_it.o
LOAD ./Application/User/CM7/syscalls.o
LOAD ./Application/User/CM7/sysmem.o
LOAD ./Application/User/Startup/startup_stm32h747xihx.o
LOAD ./Drivers/BSP/Components/mfxstm32l152.o
LOAD ./Drivers/BSP/STM32H747I_Discovery/stm32h747i_discovery.o
LOAD ./Drivers/CMSIS/system_stm32h7xx.o
LOAD ./Drivers/STM32H7xx_HAL_Driver/stm32h7xx_hal.o
LOAD ./Drivers/STM32H7xx_HAL_Driver/stm32h7xx_hal_adc.o
LOAD ./Drivers/STM32H7xx_HAL_Driver/stm32h7xx_hal_adc_ex.o
LOAD ./Drivers/STM32H7xx_HAL_Driver/stm32h7xx_hal_cortex.o
LOAD ./Drivers/STM32H7xx_HAL_Driver/stm32h7xx_hal_dma.o
LOAD ./Drivers/STM32H7xx_HAL_Driver/stm32h7xx_hal_dma_ex.o
LOAD ./Drivers/STM32H7xx_HAL_Driver/stm32h7xx_hal_gpio.o
LOAD ./Drivers/STM32H7xx_HAL_Driver/stm32h7xx_hal_hsem.o
LOAD ./Drivers/STM32H7xx_HAL_Driver/stm32h7xx_hal_i2c.o
LOAD ./Drivers/STM32H7xx_HAL_Driver/stm32h7xx_hal_i2c_ex.o
LOAD ./Drivers/STM32H7xx_HAL_Driver/stm32h7xx_hal_pwr.o
LOAD ./Drivers/STM32H7xx_HAL_Driver/stm32h7xx_hal_pwr_ex.o
LOAD ./Drivers/STM32H7xx_HAL_Driver/stm32h7xx_hal_rcc.o
LOAD ./Drivers/STM32H7xx_HAL_Driver/stm32h7xx_hal_rcc_ex.o
LOAD ./Drivers/STM32H7xx_HAL_Driver/stm32h7xx_hal_tim.o
LOAD ./Drivers/STM32H7xx_HAL_Driver/stm32h7xx_hal_tim_ex.o
LOAD ./Drivers/STM32H7xx_HAL_Driver/stm32h7xx_hal_uart.o
LOAD ./Drivers/STM32H7xx_HAL_Driver/stm32h7xx_hal_uart_ex.o
LOAD ./Middlewares/FreeRTOS/CMSIS-RTOS/cmsis_os.o
LOAD ./Middlewares/FreeRTOS/croutine.o
LOAD ./Middlewares/FreeRTOS/event_groups.o
LOAD ./Middlewares/FreeRTOS/list.o
LOAD ./Middlewares/FreeRTOS/queue.o
LOAD ./Middlewares/FreeRTOS/tasks.o
LOAD ./Middlewares/FreeRTOS/timers.o
LOAD ./Middlewares/FreeRTOS/portable/heap_4.o
LOAD ./Middlewares/FreeRTOS/portable/port.o
START GROUP
LOAD C:/ST/STM32CubeIDE_1.15.1/STM32CubeIDE/plugins/com.st.stm32cube.ide.mcu.externaltools.gnu-tools-for-stm32.12.3.rel1.win32_1.0.100.202403111256/tools/bin/../lib/gcc/arm-none-eabi/12.3.1/../../../../arm-none-eabi/lib/thumb/v7e-m+dp/hard\libc_nano.a
LOAD C:/ST/STM32CubeIDE_1.15.1/STM32CubeIDE/plugins/com.st.stm32cube.ide.mcu.externaltools.gnu-tools-for-stm32.12.3.rel1.win32_1.0.100.202403111256/tools/bin/../lib/gcc/arm-none-eabi/12.3.1/../../../../arm-none-eabi/lib/thumb/v7e-m+dp/hard\libm.a
END GROUP
START GROUP
LOAD C:/ST/STM32CubeIDE_1.15.1/STM32CubeIDE/plugins/com.st.stm32cube.ide.mcu.externaltools.gnu-tools-for-stm32.12.3.rel1.win32_1.0.100.202403111256/tools/bin/../lib/gcc/arm-none-eabi/12.3.1/thumb/v7e-m+dp/hard\libgcc.a
LOAD C:/ST/STM32CubeIDE_1.15.1/STM32CubeIDE/plugins/com.st.stm32cube.ide.mcu.externaltools.gnu-tools-for-stm32.12.3.rel1.win32_1.0.100.202403111256/tools/bin/../lib/gcc/arm-none-eabi/12.3.1/../../../../arm-none-eabi/lib/thumb/v7e-m+dp/hard\libc_nano.a
END GROUP
START GROUP
LOAD C:/ST/STM32CubeIDE_1.15.1/STM32CubeIDE/plugins/com.st.stm32cube.ide.mcu.externaltools.gnu-tools-for-stm32.12.3.rel1.win32_1.0.100.202403111256/tools/bin/../lib/gcc/arm-none-eabi/12.3.1/thumb/v7e-m+dp/hard\libgcc.a
LOAD C:/ST/STM32CubeIDE_1.15.1/STM32CubeIDE/plugins/com.st.stm32cube.ide.mcu.externaltools.gnu-tools-for-stm32.12.3.rel1.win32_1.0.100.202403111256/tools/bin/../lib/gcc/arm-none-eabi/12.3.1/../../../../arm-none-eabi/lib/thumb/v7e-m+dp/hard\libc_nano.a
LOAD C:/ST/STM32CubeIDE_1.15.1/STM32CubeIDE/plugins/com.st.stm32cube.ide.mcu.externaltools.gnu-tools-for-stm32.12.3.rel1.win32_1.0.100.202403111256/tools/bin/../lib/gcc/arm-none-eabi/12.3.1/../../../../arm-none-eabi/lib/thumb/v7e-m+dp/hard\libnosys.a
END GROUP
START GROUP
LOAD C:/ST/STM32CubeIDE_1.15.1/STM32CubeIDE/plugins/com.st.stm32cube.ide.mcu.externaltools.gnu-tools-for-stm32.12.3.rel1.win32_1.0.100.202403111256/tools/bin/../lib/gcc/arm-none-eabi/12.3.1/thumb/v7e-m+dp/hard\libgcc.a
LOAD C:/ST/STM32CubeIDE_1.15.1/STM32CubeIDE/plugins/com.st.stm32cube.ide.mcu.externaltools.gnu-tools-for-stm32.12.3.rel1.win32_1.0.100.202403111256/tools/bin/../lib/gcc/arm-none-eabi/12.3.1/../../../../arm-none-eabi/lib/thumb/v7e-m+dp/hard\libc_nano.a
LOAD C:/ST/STM32CubeIDE_1.15.1/STM32CubeIDE/plugins/com.st.stm32cube.ide.mcu.externaltools.gnu-tools-for-stm32.12.3.rel1.win32_1.0.100.202403111256/tools/bin/../lib/gcc/arm-none-eabi/12.3.1/../../../../arm-none-eabi/lib/thumb/v7e-m+dp/hard\libnosys.a
END GROUP
LOAD C:/ST/STM32CubeIDE_1.15.1/STM32CubeIDE/plugins/com.st.stm32cube.ide.mcu.externaltools.gnu-tools-for-stm32.12.3.rel1.win32_1.0.100.202403111256/tools/bin/../lib/gcc/arm-none-eabi/12.3.1/thumb/v7e-m+dp/hard/crtend.o
LOAD C:/ST/STM32CubeIDE_1.15.1/STM32CubeIDE/plugins/com.st.stm32cube.ide.mcu.externaltools.gnu-tools-for-stm32.12.3.rel1.win32_1.0.100.202403111256/tools/bin/../lib/gcc/arm-none-eabi/12.3.1/thumb/v7e-m+dp/hard/crtn.o
                0x20020000                        _estack = 0x20020000
                0x00000200                        _Min_Heap_Size = 0x200
                0x00000400                        _Min_Stack_Size = 0x400

.isr_vector     0x08000000      0x298
                0x08000000                        . = ALIGN (0x4)
 *(.isr_vector)
 .isr_vector    0x08000000      0x298 ./Application/User/Startup/startup_stm32h747xihx.o
                0x08000000                g_pfnVectors
                0x08000298                        . = ALIGN (0x4)

.text           0x080002a0     0x38b8
                0x080002a0                        . = ALIGN (0x4)
 *(.text)
 .text          0x080002a0       0x40 C:/ST/STM32CubeIDE_1.15.1/STM32CubeIDE/plugins/com.st.stm32cube.ide.mcu.externaltools.gnu-tools-for-stm32.12.3.rel1.win32_1.0.100.202403111256/tools/bin/../lib/gcc/arm-none-eabi/12.3.1/thumb/v7e-m+dp/hard/crtbegin.o
 *(.text*)
 .text.main     0x080002e0       0xcc ./Application/User/CM7/main.o
                0x080002e0                main
 .text.CORE1_SemaphoreCoreSync
                0x080003ac       0x28 ./Application/User/CM7/main.o
 .text.SystemClock_Config
                0x080003d4       0xfc ./Application/User/CM7/main.o
 .text.CPU_CACHE_Enable
                0x080004d0       0xdc ./Application/User/CM7/main.o
 .text.Error_Handler
                0x080005ac        0x8 ./Application/User/CM7/main.o
 .text.MPU_Config
                0x080005b4       0x4c ./Application/User/CM7/main.o
 .text.HAL_InitTick
                0x08000600       0xd8 ./Application/User/CM7/stm32h7xx_hal_timebase_tim.o
                0x08000600                HAL_InitTick
 .text.HAL_TIM_PeriodElapsedCallback
                0x080006d8       0x14 ./Application/User/CM7/stm32h7xx_hal_timebase_tim.o
                0x080006d8                HAL_TIM_PeriodElapsedCallback
 .text.TIM6_DAC_IRQHandler
                0x080006ec       0x14 ./Application/User/CM7/stm32h7xx_hal_timebase_tim.o
                0x080006ec                TIM6_DAC_IRQHandler
 .text.NMI_Handler
                0x08000700        0xe ./Application/User/CM7/stm32h7xx_it.o
                0x08000700                NMI_Handler
 .text.HardFault_Handler
                0x0800070e        0x8 ./Application/User/CM7/stm32h7xx_it.o
                0x0800070e                HardFault_Handler
 .text.MemManage_Handler
                0x08000716        0x8 ./Application/User/CM7/stm32h7xx_it.o
                0x08000716                MemManage_Handler
 .text.BusFault_Handler
                0x0800071e        0x8 ./Application/User/CM7/stm32h7xx_it.o
                0x0800071e                BusFault_Handler
 .text.UsageFault_Handler
                0x08000726        0x8 ./Application/User/CM7/stm32h7xx_it.o
                0x08000726                UsageFault_Handler
 .text.DebugMon_Handler
                0x0800072e        0xe ./Application/User/CM7/stm32h7xx_it.o
                0x0800072e                DebugMon_Handler
 .text.SysTick_Handler
                0x0800073c        0xc ./Application/User/CM7/stm32h7xx_it.o
                0x0800073c                SysTick_Handler
 .text.Reset_Handler
                0x08000748       0x50 ./Application/User/Startup/startup_stm32h747xihx.o
                0x08000748                Reset_Handler
 .text.Default_Handler
                0x08000798        0x2 ./Application/User/Startup/startup_stm32h747xihx.o
                0x08000798                RTC_Alarm_IRQHandler
                0x08000798                EXTI2_IRQHandler
                0x08000798                TIM8_CC_IRQHandler
                0x08000798                HRTIM1_Master_IRQHandler
                0x08000798                UART8_IRQHandler
                0x08000798                SPI4_IRQHandler
                0x08000798                TIM1_CC_IRQHandler
                0x08000798                BDMA_Channel6_IRQHandler
                0x08000798                DMA2_Stream5_IRQHandler
                0x08000798                HRTIM1_FLT_IRQHandler
                0x08000798                JPEG_IRQHandler
                0x08000798                DMA1_Stream5_IRQHandler
                0x08000798                BDMA_Channel1_IRQHandler
                0x08000798                HRTIM1_TIMD_IRQHandler
                0x08000798                TAMP_STAMP_IRQHandler
                0x08000798                EXTI3_IRQHandler
                0x08000798                LPTIM4_IRQHandler
                0x08000798                TIM8_TRG_COM_TIM14_IRQHandler
                0x08000798                LPTIM2_IRQHandler
                0x08000798                DFSDM1_FLT1_IRQHandler
                0x08000798                DMAMUX2_OVR_IRQHandler
                0x08000798                TIM8_UP_TIM13_IRQHandler
                0x08000798                I2C3_ER_IRQHandler
                0x08000798                DFSDM1_FLT2_IRQHandler
                0x08000798                MDMA_IRQHandler
                0x08000798                LPTIM3_IRQHandler
                0x08000798                HSEM1_IRQHandler
                0x08000798                EXTI0_IRQHandler
                0x08000798                I2C2_EV_IRQHandler
                0x08000798                DMA1_Stream2_IRQHandler
                0x08000798                FPU_IRQHandler
                0x08000798                OTG_HS_WKUP_IRQHandler
                0x08000798                FDCAN1_IT1_IRQHandler
                0x08000798                LTDC_ER_IRQHandler
                0x08000798                DMA2_Stream2_IRQHandler
                0x08000798                HRTIM1_TIME_IRQHandler
                0x08000798                SPI1_IRQHandler
                0x08000798                DCMI_IRQHandler
                0x08000798                HRTIM1_TIMC_IRQHandler
                0x08000798                DMA2_Stream3_IRQHandler
                0x08000798                SAI2_IRQHandler
                0x08000798                DFSDM1_FLT3_IRQHandler
                0x08000798                USART6_IRQHandler
                0x08000798                TIM17_IRQHandler
                0x08000798                USART3_IRQHandler
                0x08000798                BDMA_Channel7_IRQHandler
                0x08000798                LPTIM5_IRQHandler
                0x08000798                UART5_IRQHandler
                0x08000798                ADC3_IRQHandler
                0x08000798                DMA2_Stream0_IRQHandler
                0x08000798                TIM4_IRQHandler
                0x08000798                BDMA_Channel2_IRQHandler
                0x08000798                QUADSPI_IRQHandler
                0x08000798                I2C1_EV_IRQHandler
                0x08000798                DMA1_Stream6_IRQHandler
                0x08000798                DMAMUX1_OVR_IRQHandler
                0x08000798                DMA1_Stream1_IRQHandler
                0x08000798                TIM16_IRQHandler
                0x08000798                UART4_IRQHandler
                0x08000798                BDMA_Channel5_IRQHandler
                0x08000798                TIM3_IRQHandler
                0x08000798                RCC_IRQHandler
                0x08000798                TIM8_BRK_TIM12_IRQHandler
                0x08000798                TIM1_TRG_COM_IRQHandler
                0x08000798                Default_Handler
                0x08000798                ECC_IRQHandler
                0x08000798                CEC_IRQHandler
                0x08000798                EXTI15_10_IRQHandler
                0x08000798                BDMA_Channel0_IRQHandler
                0x08000798                ADC_IRQHandler
                0x08000798                DMA1_Stream7_IRQHandler
                0x08000798                HRTIM1_TIMA_IRQHandler
                0x08000798                SPI5_IRQHandler
                0x08000798                TIM7_IRQHandler
                0x08000798                SDMMC1_IRQHandler
                0x08000798                TIM5_IRQHandler
                0x08000798                DMA2_Stream7_IRQHandler
                0x08000798                TIM15_IRQHandler
                0x08000798                PVD_AVD_IRQHandler
                0x08000798                I2C3_EV_IRQHandler
                0x08000798                EXTI9_5_IRQHandler
                0x08000798                RTC_WKUP_IRQHandler
                0x08000798                LTDC_IRQHandler
                0x08000798                SAI3_IRQHandler
                0x08000798                ETH_WKUP_IRQHandler
                0x08000798                SPDIF_RX_IRQHandler
                0x08000798                SPI2_IRQHandler
                0x08000798                OTG_HS_EP1_IN_IRQHandler
                0x08000798                DMA1_Stream0_IRQHandler
                0x08000798                CRS_IRQHandler
                0x08000798                CM7_SEV_IRQHandler
                0x08000798                EXTI4_IRQHandler
                0x08000798                RNG_IRQHandler
                0x08000798                CM4_SEV_IRQHandler
                0x08000798                HRTIM1_TIMB_IRQHandler
                0x08000798                FDCAN2_IT1_IRQHandler
                0x08000798                DSI_IRQHandler
                0x08000798                ETH_IRQHandler
                0x08000798                TIM1_UP_IRQHandler
                0x08000798                WWDG_RST_IRQHandler
                0x08000798                BDMA_Channel4_IRQHandler
                0x08000798                OTG_HS_EP1_OUT_IRQHandler
                0x08000798                WWDG_IRQHandler
                0x08000798                SPI6_IRQHandler
                0x08000798                MDIOS_IRQHandler
                0x08000798                I2C4_EV_IRQHandler
                0x08000798                FDCAN2_IT0_IRQHandler
                0x08000798                LPUART1_IRQHandler
                0x08000798                FDCAN1_IT0_IRQHandler
                0x08000798                TIM2_IRQHandler
                0x08000798                OTG_FS_WKUP_IRQHandler
                0x08000798                OTG_HS_IRQHandler
                0x08000798                HSEM2_IRQHandler
                0x08000798                DMA2D_IRQHandler
                0x08000798                TIM1_BRK_IRQHandler
                0x08000798                EXTI1_IRQHandler
                0x08000798                SDMMC2_IRQHandler
                0x08000798                OTG_FS_EP1_OUT_IRQHandler
                0x08000798                BDMA_Channel3_IRQHandler
                0x08000798                HOLD_CORE_IRQHandler
                0x08000798                UART7_IRQHandler
                0x08000798                MDIOS_WKUP_IRQHandler
                0x08000798                USART2_IRQHandler
                0x08000798                DFSDM1_FLT0_IRQHandler
                0x08000798                SAI4_IRQHandler
                0x08000798                I2C2_ER_IRQHandler
                0x08000798                DMA2_Stream1_IRQHandler
                0x08000798                FLASH_IRQHandler
                0x08000798                DMA2_Stream4_IRQHandler
                0x08000798                USART1_IRQHandler
                0x08000798                OTG_FS_IRQHandler
                0x08000798                SPI3_IRQHandler
                0x08000798                WAKEUP_PIN_IRQHandler
                0x08000798                DMA1_Stream4_IRQHandler
                0x08000798                OTG_FS_EP1_IN_IRQHandler
                0x08000798                I2C1_ER_IRQHandler
                0x08000798                FMC_IRQHandler
                0x08000798                FDCAN_CAL_IRQHandler
                0x08000798                SWPMI1_IRQHandler
                0x08000798                COMP1_IRQHandler
                0x08000798                LPTIM1_IRQHandler
                0x08000798                I2C4_ER_IRQHandler
                0x08000798                DMA2_Stream6_IRQHandler
                0x08000798                SAI1_IRQHandler
                0x08000798                DMA1_Stream3_IRQHandler
 *fill*         0x0800079a        0x2 
 .text.BSP_LED_Init
                0x0800079c       0x88 ./Drivers/BSP/STM32H747I_Discovery/stm32h747i_discovery.o
                0x0800079c                BSP_LED_Init
 .text.BSP_LED_Toggle
                0x08000824       0x3c ./Drivers/BSP/STM32H747I_Discovery/stm32h747i_discovery.o
                0x08000824                BSP_LED_Toggle
 .text.SystemInit
                0x08000860       0xec ./Drivers/CMSIS/system_stm32h7xx.o
                0x08000860                SystemInit
 .text.HAL_Init
                0x0800094c       0x78 ./Drivers/STM32H7xx_HAL_Driver/stm32h7xx_hal.o
                0x0800094c                HAL_Init
 .text.HAL_MspInit
                0x080009c4        0xe ./Drivers/STM32H7xx_HAL_Driver/stm32h7xx_hal.o
                0x080009c4                HAL_MspInit
 *fill*         0x080009d2        0x2 
 .text.HAL_IncTick
                0x080009d4       0x28 ./Drivers/STM32H7xx_HAL_Driver/stm32h7xx_hal.o
                0x080009d4                HAL_IncTick
 .text.HAL_GetTick
                0x080009fc       0x18 ./Drivers/STM32H7xx_HAL_Driver/stm32h7xx_hal.o
                0x080009fc                HAL_GetTick
 .text.HAL_GetREVID
                0x08000a14       0x18 ./Drivers/STM32H7xx_HAL_Driver/stm32h7xx_hal.o
                0x08000a14                HAL_GetREVID
 .text.__NVIC_SetPriorityGrouping
                0x08000a2c       0x48 ./Drivers/STM32H7xx_HAL_Driver/stm32h7xx_hal_cortex.o
 .text.__NVIC_GetPriorityGrouping
                0x08000a74       0x1c ./Drivers/STM32H7xx_HAL_Driver/stm32h7xx_hal_cortex.o
 .text.__NVIC_EnableIRQ
                0x08000a90       0x3c ./Drivers/STM32H7xx_HAL_Driver/stm32h7xx_hal_cortex.o
 .text.__NVIC_SetPriority
                0x08000acc       0x54 ./Drivers/STM32H7xx_HAL_Driver/stm32h7xx_hal_cortex.o
 .text.NVIC_EncodePriority
                0x08000b20       0x66 ./Drivers/STM32H7xx_HAL_Driver/stm32h7xx_hal_cortex.o
 .text.HAL_NVIC_SetPriorityGrouping
                0x08000b86       0x16 ./Drivers/STM32H7xx_HAL_Driver/stm32h7xx_hal_cortex.o
                0x08000b86                HAL_NVIC_SetPriorityGrouping
 .text.HAL_NVIC_SetPriority
                0x08000b9c       0x34 ./Drivers/STM32H7xx_HAL_Driver/stm32h7xx_hal_cortex.o
                0x08000b9c                HAL_NVIC_SetPriority
 .text.HAL_NVIC_EnableIRQ
                0x08000bd0       0x1c ./Drivers/STM32H7xx_HAL_Driver/stm32h7xx_hal_cortex.o
                0x08000bd0                HAL_NVIC_EnableIRQ
 .text.HAL_MPU_Disable
                0x08000bec       0x30 ./Drivers/STM32H7xx_HAL_Driver/stm32h7xx_hal_cortex.o
                0x08000bec                HAL_MPU_Disable
 .text.HAL_MPU_Enable
                0x08000c1c       0x40 ./Drivers/STM32H7xx_HAL_Driver/stm32h7xx_hal_cortex.o
                0x08000c1c                HAL_MPU_Enable
 .text.HAL_MPU_ConfigRegion
                0x08000c5c       0x88 ./Drivers/STM32H7xx_HAL_Driver/stm32h7xx_hal_cortex.o
                0x08000c5c                HAL_MPU_ConfigRegion
 .text.HAL_GPIO_Init
                0x08000ce4      0x360 ./Drivers/STM32H7xx_HAL_Driver/stm32h7xx_hal_gpio.o
                0x08000ce4                HAL_GPIO_Init
 .text.HAL_GPIO_WritePin
                0x08001044       0x32 ./Drivers/STM32H7xx_HAL_Driver/stm32h7xx_hal_gpio.o
                0x08001044                HAL_GPIO_WritePin
 .text.HAL_GPIO_TogglePin
                0x08001076       0x34 ./Drivers/STM32H7xx_HAL_Driver/stm32h7xx_hal_gpio.o
                0x08001076                HAL_GPIO_TogglePin
 *fill*         0x080010aa        0x2 
 .text.HAL_HSEM_FastTake
                0x080010ac       0x34 ./Drivers/STM32H7xx_HAL_Driver/stm32h7xx_hal_hsem.o
                0x080010ac                HAL_HSEM_FastTake
 .text.HAL_HSEM_Release
                0x080010e0       0x28 ./Drivers/STM32H7xx_HAL_Driver/stm32h7xx_hal_hsem.o
                0x080010e0                HAL_HSEM_Release
 .text.HAL_PWREx_ConfigSupply
                0x08001108       0xb4 ./Drivers/STM32H7xx_HAL_Driver/stm32h7xx_hal_pwr_ex.o
                0x08001108                HAL_PWREx_ConfigSupply
 .text.HAL_RCC_OscConfig
                0x080011bc      0x8b4 ./Drivers/STM32H7xx_HAL_Driver/stm32h7xx_hal_rcc.o
                0x080011bc                HAL_RCC_OscConfig
 .text.HAL_RCC_ClockConfig
                0x08001a70      0x36c ./Drivers/STM32H7xx_HAL_Driver/stm32h7xx_hal_rcc.o
                0x08001a70                HAL_RCC_ClockConfig
 .text.HAL_RCC_GetSysClockFreq
                0x08001ddc      0x2f4 ./Drivers/STM32H7xx_HAL_Driver/stm32h7xx_hal_rcc.o
                0x08001ddc                HAL_RCC_GetSysClockFreq
 .text.HAL_RCC_GetHCLKFreq
                0x080020d0       0x60 ./Drivers/STM32H7xx_HAL_Driver/stm32h7xx_hal_rcc.o
                0x080020d0                HAL_RCC_GetHCLKFreq
 .text.HAL_RCC_GetPCLK1Freq
                0x08002130       0x2c ./Drivers/STM32H7xx_HAL_Driver/stm32h7xx_hal_rcc.o
                0x08002130                HAL_RCC_GetPCLK1Freq
 .text.HAL_RCC_GetClockConfig
                0x0800215c       0x84 ./Drivers/STM32H7xx_HAL_Driver/stm32h7xx_hal_rcc.o
                0x0800215c                HAL_RCC_GetClockConfig
 .text.HAL_TIM_Base_Init
                0x080021e0       0xae ./Drivers/STM32H7xx_HAL_Driver/stm32h7xx_hal_tim.o
                0x080021e0                HAL_TIM_Base_Init
 .text.HAL_TIM_Base_MspInit
                0x0800228e       0x14 ./Drivers/STM32H7xx_HAL_Driver/stm32h7xx_hal_tim.o
                0x0800228e                HAL_TIM_Base_MspInit
 *fill*         0x080022a2        0x2 
 .text.HAL_TIM_Base_Start_IT
                0x080022a4       0xf0 ./Drivers/STM32H7xx_HAL_Driver/stm32h7xx_hal_tim.o
                0x080022a4                HAL_TIM_Base_Start_IT
 .text.HAL_TIM_IRQHandler
                0x08002394      0x23e ./Drivers/STM32H7xx_HAL_Driver/stm32h7xx_hal_tim.o
                0x08002394                HAL_TIM_IRQHandler
 .text.HAL_TIM_OC_DelayElapsedCallback
                0x080025d2       0x14 ./Drivers/STM32H7xx_HAL_Driver/stm32h7xx_hal_tim.o
                0x080025d2                HAL_TIM_OC_DelayElapsedCallback
 .text.HAL_TIM_IC_CaptureCallback
                0x080025e6       0x14 ./Drivers/STM32H7xx_HAL_Driver/stm32h7xx_hal_tim.o
                0x080025e6                HAL_TIM_IC_CaptureCallback
 .text.HAL_TIM_PWM_PulseFinishedCallback
                0x080025fa       0x14 ./Drivers/STM32H7xx_HAL_Driver/stm32h7xx_hal_tim.o
                0x080025fa                HAL_TIM_PWM_PulseFinishedCallback
 .text.HAL_TIM_TriggerCallback
                0x0800260e       0x14 ./Drivers/STM32H7xx_HAL_Driver/stm32h7xx_hal_tim.o
                0x0800260e                HAL_TIM_TriggerCallback
 *fill*         0x08002622        0x2 
 .text.TIM_Base_SetConfig
                0x08002624      0x134 ./Drivers/STM32H7xx_HAL_Driver/stm32h7xx_hal_tim.o
                0x08002624                TIM_Base_SetConfig
 .text.HAL_TIMEx_CommutCallback
                0x08002758       0x14 ./Drivers/STM32H7xx_HAL_Driver/stm32h7xx_hal_tim_ex.o
                0x08002758                HAL_TIMEx_CommutCallback
 .text.HAL_TIMEx_BreakCallback
                0x0800276c       0x14 ./Drivers/STM32H7xx_HAL_Driver/stm32h7xx_hal_tim_ex.o
                0x0800276c                HAL_TIMEx_BreakCallback
 .text.HAL_TIMEx_Break2Callback
                0x08002780       0x14 ./Drivers/STM32H7xx_HAL_Driver/stm32h7xx_hal_tim_ex.o
                0x08002780                HAL_TIMEx_Break2Callback
 .text.makeFreeRtosPriority
                0x08002794       0x30 ./Middlewares/FreeRTOS/CMSIS-RTOS/cmsis_os.o
 .text.osKernelStart
                0x080027c4        0xe ./Middlewares/FreeRTOS/CMSIS-RTOS/cmsis_os.o
                0x080027c4                osKernelStart
 .text.osThreadCreate
                0x080027d2       0x4e ./Middlewares/FreeRTOS/CMSIS-RTOS/cmsis_os.o
                0x080027d2                osThreadCreate
 .text.osDelay  0x08002820       0x28 ./Middlewares/FreeRTOS/CMSIS-RTOS/cmsis_os.o
                0x08002820                osDelay
 .text.osSystickHandler
                0x08002848       0x16 ./Middlewares/FreeRTOS/CMSIS-RTOS/cmsis_os.o
                0x08002848                osSystickHandler
 .text.vListInitialise
                0x0800285e       0x40 ./Middlewares/FreeRTOS/list.o
                0x0800285e                vListInitialise
 .text.vListInitialiseItem
                0x0800289e       0x1a ./Middlewares/FreeRTOS/list.o
                0x0800289e                vListInitialiseItem
 .text.vListInsertEnd
                0x080028b8       0x48 ./Middlewares/FreeRTOS/list.o
                0x080028b8                vListInsertEnd
 .text.vListInsert
                0x08002900       0x72 ./Middlewares/FreeRTOS/list.o
                0x08002900                vListInsert
 .text.uxListRemove
                0x08002972       0x54 ./Middlewares/FreeRTOS/list.o
                0x08002972                uxListRemove
 .text.xTaskCreate
                0x080029c6       0x82 ./Middlewares/FreeRTOS/tasks.o
                0x080029c6                xTaskCreate
 .text.prvInitialiseNewTask
                0x08002a48      0x120 ./Middlewares/FreeRTOS/tasks.o
 .text.prvAddNewTaskToReadyList
                0x08002b68       0xdc ./Middlewares/FreeRTOS/tasks.o
 .text.vTaskDelay
                0x08002c44       0x6c ./Middlewares/FreeRTOS/tasks.o
                0x08002c44                vTaskDelay
 .text.vTaskStartScheduler
                0x08002cb0       0x90 ./Middlewares/FreeRTOS/tasks.o
                0x08002cb0                vTaskStartScheduler
 .text.vTaskSuspendAll
                0x08002d40       0x1c ./Middlewares/FreeRTOS/tasks.o
                0x08002d40                vTaskSuspendAll
 .text.xTaskResumeAll
                0x08002d5c      0x13c ./Middlewares/FreeRTOS/tasks.o
                0x08002d5c                xTaskResumeAll
 .text.xTaskIncrementTick
                0x08002e98      0x174 ./Middlewares/FreeRTOS/tasks.o
                0x08002e98                xTaskIncrementTick
 .text.vTaskSwitchContext
                0x0800300c       0xb8 ./Middlewares/FreeRTOS/tasks.o
                0x0800300c                vTaskSwitchContext
 .text.prvIdleTask
                0x080030c4       0x30 ./Middlewares/FreeRTOS/tasks.o
 .text.prvInitialiseTaskLists
                0x080030f4       0x80 ./Middlewares/FreeRTOS/tasks.o
 .text.prvCheckTasksWaitingTermination
                0x08003174       0x5c ./Middlewares/FreeRTOS/tasks.o
 .text.prvDeleteTCB
                0x080031d0       0x20 ./Middlewares/FreeRTOS/tasks.o
 .text.prvResetNextTaskUnblockTime
                0x080031f0       0x40 ./Middlewares/FreeRTOS/tasks.o
 .text.xTaskGetSchedulerState
                0x08003230       0x3c ./Middlewares/FreeRTOS/tasks.o
                0x08003230                xTaskGetSchedulerState
 .text.prvAddCurrentTaskToDelayedList
                0x0800326c       0xcc ./Middlewares/FreeRTOS/tasks.o
 .text.pvPortMalloc
                0x08003338      0x19c ./Middlewares/FreeRTOS/portable/heap_4.o
                0x08003338                pvPortMalloc
 .text.vPortFree
                0x080034d4       0xc8 ./Middlewares/FreeRTOS/portable/heap_4.o
                0x080034d4                vPortFree
 .text.prvHeapInit
                0x0800359c       0xc4 ./Middlewares/FreeRTOS/portable/heap_4.o
 .text.prvInsertBlockIntoFreeList
                0x08003660       0xb4 ./Middlewares/FreeRTOS/portable/heap_4.o
 .text.pxPortInitialiseStack
                0x08003714       0x68 ./Middlewares/FreeRTOS/portable/port.o
                0x08003714                pxPortInitialiseStack
 .text.prvTaskExitError
                0x0800377c       0x5c ./Middlewares/FreeRTOS/portable/port.o
 *fill*         0x080037d8        0x8 
 .text.SVC_Handler
                0x080037e0       0x28 ./Middlewares/FreeRTOS/portable/port.o
                0x080037e0                SVC_Handler
 .text.prvPortStartFirstTask
                0x08003808       0x28 ./Middlewares/FreeRTOS/portable/port.o
 .text.xPortStartScheduler
                0x08003830       0xf8 ./Middlewares/FreeRTOS/portable/port.o
                0x08003830                xPortStartScheduler
 .text.vPortEnterCritical
                0x08003928       0x64 ./Middlewares/FreeRTOS/portable/port.o
                0x08003928                vPortEnterCritical
 .text.vPortExitCritical
                0x0800398c       0x54 ./Middlewares/FreeRTOS/portable/port.o
                0x0800398c                vPortExitCritical
 .text.PendSV_Handler
                0x080039e0       0x68 ./Middlewares/FreeRTOS/portable/port.o
                0x080039e0                PendSV_Handler
 .text.xPortSysTickHandler
                0x08003a48       0x44 ./Middlewares/FreeRTOS/portable/port.o
                0x08003a48                xPortSysTickHandler
 .text.vPortSetupTimerInterrupt
                0x08003a8c       0x48 ./Middlewares/FreeRTOS/portable/port.o
                0x08003a8c                vPortSetupTimerInterrupt
 .text.vPortEnableVFP
                0x08003ad4       0x14 ./Middlewares/FreeRTOS/portable/port.o
 .text.memset   0x08003ae8       0x10 C:/ST/STM32CubeIDE_1.15.1/STM32CubeIDE/plugins/com.st.stm32cube.ide.mcu.externaltools.gnu-tools-for-stm32.12.3.rel1.win32_1.0.100.202403111256/tools/bin/../lib/gcc/arm-none-eabi/12.3.1/../../../../arm-none-eabi/lib/thumb/v7e-m+dp/hard\libc_nano.a(libc_a-memset.o)
                0x08003ae8                memset
 .text.__libc_init_array
                0x08003af8       0x48 C:/ST/STM32CubeIDE_1.15.1/STM32CubeIDE/plugins/com.st.stm32cube.ide.mcu.externaltools.gnu-tools-for-stm32.12.3.rel1.win32_1.0.100.202403111256/tools/bin/../lib/gcc/arm-none-eabi/12.3.1/../../../../arm-none-eabi/lib/thumb/v7e-m+dp/hard\libc_nano.a(libc_a-init.o)
                0x08003af8                __libc_init_array
 *(.glue_7)
 .glue_7        0x08003b40        0x0 linker stubs
 *(.glue_7t)
 .glue_7t       0x08003b40        0x0 linker stubs
 *(.eh_frame)
 .eh_frame      0x08003b40        0x0 C:/ST/STM32CubeIDE_1.15.1/STM32CubeIDE/plugins/com.st.stm32cube.ide.mcu.externaltools.gnu-tools-for-stm32.12.3.rel1.win32_1.0.100.202403111256/tools/bin/../lib/gcc/arm-none-eabi/12.3.1/thumb/v7e-m+dp/hard/crtbegin.o
 *(.init)
 .init          0x08003b40        0x4 C:/ST/STM32CubeIDE_1.15.1/STM32CubeIDE/plugins/com.st.stm32cube.ide.mcu.externaltools.gnu-tools-for-stm32.12.3.rel1.win32_1.0.100.202403111256/tools/bin/../lib/gcc/arm-none-eabi/12.3.1/thumb/v7e-m+dp/hard/crti.o
                0x08003b40                _init
 .init          0x08003b44        0x8 C:/ST/STM32CubeIDE_1.15.1/STM32CubeIDE/plugins/com.st.stm32cube.ide.mcu.externaltools.gnu-tools-for-stm32.12.3.rel1.win32_1.0.100.202403111256/tools/bin/../lib/gcc/arm-none-eabi/12.3.1/thumb/v7e-m+dp/hard/crtn.o
 *(.fini)
 .fini          0x08003b4c        0x4 C:/ST/STM32CubeIDE_1.15.1/STM32CubeIDE/plugins/com.st.stm32cube.ide.mcu.externaltools.gnu-tools-for-stm32.12.3.rel1.win32_1.0.100.202403111256/tools/bin/../lib/gcc/arm-none-eabi/12.3.1/thumb/v7e-m+dp/hard/crti.o
                0x08003b4c                _fini
 .fini          0x08003b50        0x8 C:/ST/STM32CubeIDE_1.15.1/STM32CubeIDE/plugins/com.st.stm32cube.ide.mcu.externaltools.gnu-tools-for-stm32.12.3.rel1.win32_1.0.100.202403111256/tools/bin/../lib/gcc/arm-none-eabi/12.3.1/thumb/v7e-m+dp/hard/crtn.o
                0x08003b58                        . = ALIGN (0x4)
                0x08003b58                        _etext = .

.vfp11_veneer   0x08003b58        0x0
 .vfp11_veneer  0x08003b58        0x0 linker stubs

.v4_bx          0x08003b58        0x0
 .v4_bx         0x08003b58        0x0 linker stubs

.iplt           0x08003b58        0x0
 .iplt          0x08003b58        0x0 C:/ST/STM32CubeIDE_1.15.1/STM32CubeIDE/plugins/com.st.stm32cube.ide.mcu.externaltools.gnu-tools-for-stm32.12.3.rel1.win32_1.0.100.202403111256/tools/bin/../lib/gcc/arm-none-eabi/12.3.1/thumb/v7e-m+dp/hard/crtbegin.o

.rodata         0x08003b58       0x4c
                0x08003b58                        . = ALIGN (0x4)
 *(.rodata)
 .rodata        0x08003b58       0x24 ./Application/User/CM7/main.o
 .rodata        0x08003b7c        0x5 ./Middlewares/FreeRTOS/tasks.o
 *(.rodata*)
 *fill*         0x08003b81        0x3 
 .rodata.LED_PIN
                0x08003b84       0x10 ./Drivers/BSP/STM32H747I_Discovery/stm32h747i_discovery.o
 .rodata.D1CorePrescTable
                0x08003b94       0x10 ./Drivers/CMSIS/system_stm32h7xx.o
                0x08003b94                D1CorePrescTable
                0x08003ba4                        . = ALIGN (0x4)

.rel.dyn        0x08003ba4        0x0
 .rel.iplt      0x08003ba4        0x0 C:/ST/STM32CubeIDE_1.15.1/STM32CubeIDE/plugins/com.st.stm32cube.ide.mcu.externaltools.gnu-tools-for-stm32.12.3.rel1.win32_1.0.100.202403111256/tools/bin/../lib/gcc/arm-none-eabi/12.3.1/thumb/v7e-m+dp/hard/crtbegin.o

.ARM.extab
 *(.ARM.extab* .gnu.linkonce.armextab.*)

.ARM            0x08003ba4        0x0
                0x08003ba4                        __exidx_start = .
 *(.ARM.exidx*)
                0x08003ba4                        __exidx_end = .

.preinit_array  0x08003ba4        0x0
                0x08003ba4                        PROVIDE (__preinit_array_start = .)
 *(.preinit_array*)
                0x08003ba4                        PROVIDE (__preinit_array_end = .)

.init_array     0x08003ba4        0x4
                0x08003ba4                        PROVIDE (__init_array_start = .)
 *(SORT_BY_NAME(.init_array.*))
 *(.init_array*)
 .init_array    0x08003ba4        0x4 C:/ST/STM32CubeIDE_1.15.1/STM32CubeIDE/plugins/com.st.stm32cube.ide.mcu.externaltools.gnu-tools-for-stm32.12.3.rel1.win32_1.0.100.202403111256/tools/bin/../lib/gcc/arm-none-eabi/12.3.1/thumb/v7e-m+dp/hard/crtbegin.o
                0x08003ba8                        PROVIDE (__init_array_end = .)

.fini_array     0x08003ba8        0x4
                [!provide]                        PROVIDE (__fini_array_start = .)
 *(SORT_BY_NAME(.fini_array.*))
 *(.fini_array*)
 .fini_array    0x08003ba8        0x4 C:/ST/STM32CubeIDE_1.15.1/STM32CubeIDE/plugins/com.st.stm32cube.ide.mcu.externaltools.gnu-tools-for-stm32.12.3.rel1.win32_1.0.100.202403111256/tools/bin/../lib/gcc/arm-none-eabi/12.3.1/thumb/v7e-m+dp/hard/crtbegin.o
                [!provide]                        PROVIDE (__fini_array_end = .)
                0x08003bac                        _sidata = LOADADDR (.data)

.data           0x20000000       0x24 load address 0x08003bac
                0x20000000                        . = ALIGN (0x4)
                0x20000000                        _sdata = .
 *(.data)
 *(.data*)
 .data.LED_PORT
                0x20000000       0x10 ./Drivers/BSP/STM32H747I_Discovery/stm32h747i_discovery.o
 .data.SystemCoreClock
                0x20000010        0x4 ./Drivers/CMSIS/system_stm32h7xx.o
                0x20000010                SystemCoreClock
 .data.SystemD2Clock
                0x20000014        0x4 ./Drivers/CMSIS/system_stm32h7xx.o
                0x20000014                SystemD2Clock
 .data.uwTickPrio
                0x20000018        0x4 ./Drivers/STM32H7xx_HAL_Driver/stm32h7xx_hal.o
                0x20000018                uwTickPrio
 .data.uwTickFreq
                0x2000001c        0x1 ./Drivers/STM32H7xx_HAL_Driver/stm32h7xx_hal.o
                0x2000001c                uwTickFreq
 *fill*         0x2000001d        0x3 
 .data.uxCriticalNesting
                0x20000020        0x4 ./Middlewares/FreeRTOS/portable/port.o
                0x20000024                        . = ALIGN (0x4)
                0x20000024                        _edata = .

.igot.plt       0x20000024        0x0 load address 0x08003bd0
 .igot.plt      0x20000024        0x0 C:/ST/STM32CubeIDE_1.15.1/STM32CubeIDE/plugins/com.st.stm32cube.ide.mcu.externaltools.gnu-tools-for-stm32.12.3.rel1.win32_1.0.100.202403111256/tools/bin/../lib/gcc/arm-none-eabi/12.3.1/thumb/v7e-m+dp/hard/crtbegin.o
                0x20000024                        . = ALIGN (0x4)

.bss            0x20000024      0x9c4 load address 0x08003bd0
                0x20000024                        _sbss = .
                0x20000024                        __bss_start__ = _sbss
 *(.bss)
 .bss           0x20000024       0x1c C:/ST/STM32CubeIDE_1.15.1/STM32CubeIDE/plugins/com.st.stm32cube.ide.mcu.externaltools.gnu-tools-for-stm32.12.3.rel1.win32_1.0.100.202403111256/tools/bin/../lib/gcc/arm-none-eabi/12.3.1/thumb/v7e-m+dp/hard/crtbegin.o
 *(.bss*)
 .bss.osSemaphore
                0x20000040        0x4 ./Application/User/CM7/main.o
                0x20000040                osSemaphore
 .bss.TimHandle
                0x20000044       0x4c ./Application/User/CM7/stm32h7xx_hal_timebase_tim.o
 .bss.uwTick    0x20000090        0x4 ./Drivers/STM32H7xx_HAL_Driver/stm32h7xx_hal.o
                0x20000090                uwTick
 .bss.pxCurrentTCB
                0x20000094        0x4 ./Middlewares/FreeRTOS/tasks.o
                0x20000094                pxCurrentTCB
 .bss.pxReadyTasksLists
                0x20000098       0x8c ./Middlewares/FreeRTOS/tasks.o
 .bss.xDelayedTaskList1
                0x20000124       0x14 ./Middlewares/FreeRTOS/tasks.o
 .bss.xDelayedTaskList2
                0x20000138       0x14 ./Middlewares/FreeRTOS/tasks.o
 .bss.pxDelayedTaskList
                0x2000014c        0x4 ./Middlewares/FreeRTOS/tasks.o
 .bss.pxOverflowDelayedTaskList
                0x20000150        0x4 ./Middlewares/FreeRTOS/tasks.o
 .bss.xPendingReadyList
                0x20000154       0x14 ./Middlewares/FreeRTOS/tasks.o
 .bss.xTasksWaitingTermination
                0x20000168       0x14 ./Middlewares/FreeRTOS/tasks.o
 .bss.uxDeletedTasksWaitingCleanUp
                0x2000017c        0x4 ./Middlewares/FreeRTOS/tasks.o
 .bss.xSuspendedTaskList
                0x20000180       0x14 ./Middlewares/FreeRTOS/tasks.o
 .bss.uxCurrentNumberOfTasks
                0x20000194        0x4 ./Middlewares/FreeRTOS/tasks.o
 .bss.xTickCount
                0x20000198        0x4 ./Middlewares/FreeRTOS/tasks.o
 .bss.uxTopReadyPriority
                0x2000019c        0x4 ./Middlewares/FreeRTOS/tasks.o
 .bss.xSchedulerRunning
                0x200001a0        0x4 ./Middlewares/FreeRTOS/tasks.o
 .bss.xPendedTicks
                0x200001a4        0x4 ./Middlewares/FreeRTOS/tasks.o
 .bss.xYieldPending
                0x200001a8        0x4 ./Middlewares/FreeRTOS/tasks.o
 .bss.xNumOfOverflows
                0x200001ac        0x4 ./Middlewares/FreeRTOS/tasks.o
 .bss.uxTaskNumber
                0x200001b0        0x4 ./Middlewares/FreeRTOS/tasks.o
 .bss.xNextTaskUnblockTime
                0x200001b4        0x4 ./Middlewares/FreeRTOS/tasks.o
 .bss.xIdleTaskHandle
                0x200001b8        0x4 ./Middlewares/FreeRTOS/tasks.o
 .bss.uxSchedulerSuspended
                0x200001bc        0x4 ./Middlewares/FreeRTOS/tasks.o
 .bss.ucHeap    0x200001c0      0x800 ./Middlewares/FreeRTOS/portable/heap_4.o
 .bss.xStart    0x200009c0        0x8 ./Middlewares/FreeRTOS/portable/heap_4.o
 .bss.pxEnd     0x200009c8        0x4 ./Middlewares/FreeRTOS/portable/heap_4.o
 .bss.xFreeBytesRemaining
                0x200009cc        0x4 ./Middlewares/FreeRTOS/portable/heap_4.o
 .bss.xMinimumEverFreeBytesRemaining
                0x200009d0        0x4 ./Middlewares/FreeRTOS/portable/heap_4.o
 .bss.xNumberOfSuccessfulAllocations
                0x200009d4        0x4 ./Middlewares/FreeRTOS/portable/heap_4.o
 .bss.xNumberOfSuccessfulFrees
                0x200009d8        0x4 ./Middlewares/FreeRTOS/portable/heap_4.o
 .bss.xBlockAllocatedBit
                0x200009dc        0x4 ./Middlewares/FreeRTOS/portable/heap_4.o
 .bss.ucMaxSysCallPriority
                0x200009e0        0x1 ./Middlewares/FreeRTOS/portable/port.o
 *fill*         0x200009e1        0x3 
 .bss.ulMaxPRIGROUPValue
                0x200009e4        0x4 ./Middlewares/FreeRTOS/portable/port.o
 *(COMMON)
                0x200009e8                        . = ALIGN (0x4)
                0x200009e8                        _ebss = .
                0x200009e8                        __bss_end__ = _ebss

._user_heap_stack
                0x200009e8      0x600 load address 0x08003bd0
                0x200009e8                        . = ALIGN (0x8)
                [!provide]                        PROVIDE (end = .)
                0x200009e8                        PROVIDE (_end = .)
                0x20000be8                        . = (. + _Min_Heap_Size)
 *fill*         0x200009e8      0x200 
                0x20000fe8                        . = (. + _Min_Stack_Size)
 *fill*         0x20000be8      0x400 
                0x20000fe8                        . = ALIGN (0x8)

/DISCARD/
 libc.a(*)
 libm.a(*)
 libgcc.a(*)

.ARM.attributes
                0x00000000       0x2e
 *(.ARM.attributes)
 .ARM.attributes
                0x00000000       0x20 C:/ST/STM32CubeIDE_1.15.1/STM32CubeIDE/plugins/com.st.stm32cube.ide.mcu.externaltools.gnu-tools-for-stm32.12.3.rel1.win32_1.0.100.202403111256/tools/bin/../lib/gcc/arm-none-eabi/12.3.1/thumb/v7e-m+dp/hard/crti.o
 .ARM.attributes
                0x00000020       0x32 C:/ST/STM32CubeIDE_1.15.1/STM32CubeIDE/plugins/com.st.stm32cube.ide.mcu.externaltools.gnu-tools-for-stm32.12.3.rel1.win32_1.0.100.202403111256/tools/bin/../lib/gcc/arm-none-eabi/12.3.1/thumb/v7e-m+dp/hard/crtbegin.o
 .ARM.attributes
                0x00000052       0x32 ./Application/User/CM7/main.o
 .ARM.attributes
                0x00000084       0x32 ./Application/User/CM7/stm32h7xx_hal_timebase_tim.o
 .ARM.attributes
                0x000000b6       0x32 ./Application/User/CM7/stm32h7xx_it.o
 .ARM.attributes
                0x000000e8       0x21 ./Application/User/Startup/startup_stm32h747xihx.o
 .ARM.attributes
                0x00000109       0x32 ./Drivers/BSP/STM32H747I_Discovery/stm32h747i_discovery.o
 .ARM.attributes
                0x0000013b       0x32 ./Drivers/CMSIS/system_stm32h7xx.o
 .ARM.attributes
                0x0000016d       0x32 ./Drivers/STM32H7xx_HAL_Driver/stm32h7xx_hal.o
 .ARM.attributes
                0x0000019f       0x32 ./Drivers/STM32H7xx_HAL_Driver/stm32h7xx_hal_cortex.o
 .ARM.attributes
                0x000001d1       0x32 ./Drivers/STM32H7xx_HAL_Driver/stm32h7xx_hal_gpio.o
 .ARM.attributes
                0x00000203       0x32 ./Drivers/STM32H7xx_HAL_Driver/stm32h7xx_hal_hsem.o
 .ARM.attributes
                0x00000235       0x32 ./Drivers/STM32H7xx_HAL_Driver/stm32h7xx_hal_pwr_ex.o
 .ARM.attributes
                0x00000267       0x32 ./Drivers/STM32H7xx_HAL_Driver/stm32h7xx_hal_rcc.o
 .ARM.attributes
                0x00000299       0x32 ./Drivers/STM32H7xx_HAL_Driver/stm32h7xx_hal_tim.o
 .ARM.attributes
                0x000002cb       0x32 ./Drivers/STM32H7xx_HAL_Driver/stm32h7xx_hal_tim_ex.o
 .ARM.attributes
                0x000002fd       0x32 ./Middlewares/FreeRTOS/CMSIS-RTOS/cmsis_os.o
 .ARM.attributes
                0x0000032f       0x32 ./Middlewares/FreeRTOS/list.o
 .ARM.attributes
                0x00000361       0x32 ./Middlewares/FreeRTOS/tasks.o
 .ARM.attributes
                0x00000393       0x32 ./Middlewares/FreeRTOS/portable/heap_4.o
 .ARM.attributes
                0x000003c5       0x32 ./Middlewares/FreeRTOS/portable/port.o
 .ARM.attributes
                0x000003f7       0x32 C:/ST/STM32CubeIDE_1.15.1/STM32CubeIDE/plugins/com.st.stm32cube.ide.mcu.externaltools.gnu-tools-for-stm32.12.3.rel1.win32_1.0.100.202403111256/tools/bin/../lib/gcc/arm-none-eabi/12.3.1/../../../../arm-none-eabi/lib/thumb/v7e-m+dp/hard\libc_nano.a(libc_a-memset.o)
 .ARM.attributes
                0x00000429       0x32 C:/ST/STM32CubeIDE_1.15.1/STM32CubeIDE/plugins/com.st.stm32cube.ide.mcu.externaltools.gnu-tools-for-stm32.12.3.rel1.win32_1.0.100.202403111256/tools/bin/../lib/gcc/arm-none-eabi/12.3.1/../../../../arm-none-eabi/lib/thumb/v7e-m+dp/hard\libc_nano.a(libc_a-init.o)
 .ARM.attributes
                0x0000045b       0x20 C:/ST/STM32CubeIDE_1.15.1/STM32CubeIDE/plugins/com.st.stm32cube.ide.mcu.externaltools.gnu-tools-for-stm32.12.3.rel1.win32_1.0.100.202403111256/tools/bin/../lib/gcc/arm-none-eabi/12.3.1/thumb/v7e-m+dp/hard/crtn.o
OUTPUT(FreeRTOS_HwSemaphoreCoreSync_CM7.elf elf32-littlearm)
LOAD linker stubs
LOAD C:/ST/STM32CubeIDE_1.15.1/STM32CubeIDE/plugins/com.st.stm32cube.ide.mcu.externaltools.gnu-tools-for-stm32.12.3.rel1.win32_1.0.100.202403111256/tools/bin/../lib/gcc/arm-none-eabi/12.3.1/../../../../arm-none-eabi/lib/thumb/v7e-m+dp/hard\libc.a
LOAD C:/ST/STM32CubeIDE_1.15.1/STM32CubeIDE/plugins/com.st.stm32cube.ide.mcu.externaltools.gnu-tools-for-stm32.12.3.rel1.win32_1.0.100.202403111256/tools/bin/../lib/gcc/arm-none-eabi/12.3.1/../../../../arm-none-eabi/lib/thumb/v7e-m+dp/hard\libm.a
LOAD C:/ST/STM32CubeIDE_1.15.1/STM32CubeIDE/plugins/com.st.stm32cube.ide.mcu.externaltools.gnu-tools-for-stm32.12.3.rel1.win32_1.0.100.202403111256/tools/bin/../lib/gcc/arm-none-eabi/12.3.1/thumb/v7e-m+dp/hard\libgcc.a

.debug_info     0x00000000    0x12f84
 .debug_info    0x00000000     0x1305 ./Application/User/CM7/main.o
 .debug_info    0x00001305     0x111e ./Application/User/CM7/stm32h7xx_hal_timebase_tim.o
 .debug_info    0x00002423      0x108 ./Application/User/CM7/stm32h7xx_it.o
 .debug_info    0x0000252b       0x30 ./Application/User/Startup/startup_stm32h747xihx.o
 .debug_info    0x0000255b     0x1f1d ./Drivers/BSP/STM32H747I_Discovery/stm32h747i_discovery.o
 .debug_info    0x00004478      0xb12 ./Drivers/CMSIS/system_stm32h7xx.o
 .debug_info    0x00004f8a     0x177a ./Drivers/STM32H7xx_HAL_Driver/stm32h7xx_hal.o
 .debug_info    0x00006704     0x1084 ./Drivers/STM32H7xx_HAL_Driver/stm32h7xx_hal_cortex.o
 .debug_info    0x00007788      0xcf7 ./Drivers/STM32H7xx_HAL_Driver/stm32h7xx_hal_gpio.o
 .debug_info    0x0000847f      0x3d3 ./Drivers/STM32H7xx_HAL_Driver/stm32h7xx_hal_hsem.o
 .debug_info    0x00008852     0x121b ./Drivers/STM32H7xx_HAL_Driver/stm32h7xx_hal_pwr_ex.o
 .debug_info    0x00009a6d      0xe58 ./Drivers/STM32H7xx_HAL_Driver/stm32h7xx_hal_rcc.o
 .debug_info    0x0000a8c5     0x2b8b ./Drivers/STM32H7xx_HAL_Driver/stm32h7xx_hal_tim.o
 .debug_info    0x0000d450     0x17eb ./Drivers/STM32H7xx_HAL_Driver/stm32h7xx_hal_tim_ex.o
 .debug_info    0x0000ec3b     0x1890 ./Middlewares/FreeRTOS/CMSIS-RTOS/cmsis_os.o
 .debug_info    0x000104cb      0x2af ./Middlewares/FreeRTOS/list.o
 .debug_info    0x0001077a     0x1e8e ./Middlewares/FreeRTOS/tasks.o
 .debug_info    0x00012608      0x4d5 ./Middlewares/FreeRTOS/portable/heap_4.o
 .debug_info    0x00012add      0x4a7 ./Middlewares/FreeRTOS/portable/port.o

.debug_abbrev   0x00000000     0x2bff
 .debug_abbrev  0x00000000      0x354 ./Application/User/CM7/main.o
 .debug_abbrev  0x00000354      0x247 ./Application/User/CM7/stm32h7xx_hal_timebase_tim.o
 .debug_abbrev  0x0000059b       0x73 ./Application/User/CM7/stm32h7xx_it.o
 .debug_abbrev  0x0000060e       0x24 ./Application/User/Startup/startup_stm32h747xihx.o
 .debug_abbrev  0x00000632      0x3c4 ./Drivers/BSP/STM32H747I_Discovery/stm32h747i_discovery.o
 .debug_abbrev  0x000009f6      0x139 ./Drivers/CMSIS/system_stm32h7xx.o
 .debug_abbrev  0x00000b2f      0x295 ./Drivers/STM32H7xx_HAL_Driver/stm32h7xx_hal.o
 .debug_abbrev  0x00000dc4      0x339 ./Drivers/STM32H7xx_HAL_Driver/stm32h7xx_hal_cortex.o
 .debug_abbrev  0x000010fd      0x1fe ./Drivers/STM32H7xx_HAL_Driver/stm32h7xx_hal_gpio.o
 .debug_abbrev  0x000012fb      0x1d3 ./Drivers/STM32H7xx_HAL_Driver/stm32h7xx_hal_hsem.o
 .debug_abbrev  0x000014ce      0x2d7 ./Drivers/STM32H7xx_HAL_Driver/stm32h7xx_hal_pwr_ex.o
 .debug_abbrev  0x000017a5      0x2c8 ./Drivers/STM32H7xx_HAL_Driver/stm32h7xx_hal_rcc.o
 .debug_abbrev  0x00001a6d      0x276 ./Drivers/STM32H7xx_HAL_Driver/stm32h7xx_hal_tim.o
 .debug_abbrev  0x00001ce3      0x281 ./Drivers/STM32H7xx_HAL_Driver/stm32h7xx_hal_tim_ex.o
 .debug_abbrev  0x00001f64      0x3b1 ./Middlewares/FreeRTOS/CMSIS-RTOS/cmsis_os.o
 .debug_abbrev  0x00002315       0xf5 ./Middlewares/FreeRTOS/list.o
 .debug_abbrev  0x0000240a      0x369 ./Middlewares/FreeRTOS/tasks.o
 .debug_abbrev  0x00002773      0x21d ./Middlewares/FreeRTOS/portable/heap_4.o
 .debug_abbrev  0x00002990      0x26f ./Middlewares/FreeRTOS/portable/port.o

.debug_aranges  0x00000000     0x1278
 .debug_aranges
                0x00000000       0x48 ./Application/User/CM7/main.o
 .debug_aranges
                0x00000048       0x40 ./Application/User/CM7/stm32h7xx_hal_timebase_tim.o
 .debug_aranges
                0x00000088       0x50 ./Application/User/CM7/stm32h7xx_it.o
 .debug_aranges
                0x000000d8       0x28 ./Application/User/Startup/startup_stm32h747xihx.o
 .debug_aranges
                0x00000100      0x118 ./Drivers/BSP/STM32H747I_Discovery/stm32h747i_discovery.o
 .debug_aranges
                0x00000218       0x28 ./Drivers/CMSIS/system_stm32h7xx.o
 .debug_aranges
                0x00000240      0x200 ./Drivers/STM32H7xx_HAL_Driver/stm32h7xx_hal.o
 .debug_aranges
                0x00000440      0x120 ./Drivers/STM32H7xx_HAL_Driver/stm32h7xx_hal_cortex.o
 .debug_aranges
                0x00000560       0x58 ./Drivers/STM32H7xx_HAL_Driver/stm32h7xx_hal_gpio.o
 .debug_aranges
                0x000005b8       0x70 ./Drivers/STM32H7xx_HAL_Driver/stm32h7xx_hal_hsem.o
 .debug_aranges
                0x00000628      0x170 ./Drivers/STM32H7xx_HAL_Driver/stm32h7xx_hal_pwr_ex.o
 .debug_aranges
                0x00000798       0x88 ./Drivers/STM32H7xx_HAL_Driver/stm32h7xx_hal_rcc.o
 .debug_aranges
                0x00000820      0x3e0 ./Drivers/STM32H7xx_HAL_Driver/stm32h7xx_hal_tim.o
 .debug_aranges
                0x00000c00      0x188 ./Drivers/STM32H7xx_HAL_Driver/stm32h7xx_hal_tim_ex.o
 .debug_aranges
                0x00000d88      0x1e8 ./Middlewares/FreeRTOS/CMSIS-RTOS/cmsis_os.o
 .debug_aranges
                0x00000f70       0x40 ./Middlewares/FreeRTOS/list.o
 .debug_aranges
                0x00000fb0      0x1f0 ./Middlewares/FreeRTOS/tasks.o
 .debug_aranges
                0x000011a0       0x58 ./Middlewares/FreeRTOS/portable/heap_4.o
 .debug_aranges
                0x000011f8       0x80 ./Middlewares/FreeRTOS/portable/port.o

.debug_rnglists
                0x00000000      0xe31
 .debug_rnglists
                0x00000000       0x34 ./Application/User/CM7/main.o
 .debug_rnglists
                0x00000034       0x2c ./Application/User/CM7/stm32h7xx_hal_timebase_tim.o
 .debug_rnglists
                0x00000060       0x37 ./Application/User/CM7/stm32h7xx_it.o
 .debug_rnglists
                0x00000097       0x19 ./Application/User/Startup/startup_stm32h747xihx.o
 .debug_rnglists
                0x000000b0       0xd2 ./Drivers/BSP/STM32H747I_Discovery/stm32h747i_discovery.o
 .debug_rnglists
                0x00000182       0x1b ./Drivers/CMSIS/system_stm32h7xx.o
 .debug_rnglists
                0x0000019d      0x180 ./Drivers/STM32H7xx_HAL_Driver/stm32h7xx_hal.o
 .debug_rnglists
                0x0000031d       0xd4 ./Drivers/STM32H7xx_HAL_Driver/stm32h7xx_hal_cortex.o
 .debug_rnglists
                0x000003f1       0x3f ./Drivers/STM32H7xx_HAL_Driver/stm32h7xx_hal_gpio.o
 .debug_rnglists
                0x00000430       0x4f ./Drivers/STM32H7xx_HAL_Driver/stm32h7xx_hal_hsem.o
 .debug_rnglists
                0x0000047f      0x117 ./Drivers/STM32H7xx_HAL_Driver/stm32h7xx_hal_pwr_ex.o
 .debug_rnglists
                0x00000596       0x68 ./Drivers/STM32H7xx_HAL_Driver/stm32h7xx_hal_rcc.o
 .debug_rnglists
                0x000005fe      0x328 ./Drivers/STM32H7xx_HAL_Driver/stm32h7xx_hal_tim.o
 .debug_rnglists
                0x00000926      0x13f ./Drivers/STM32H7xx_HAL_Driver/stm32h7xx_hal_tim_ex.o
 .debug_rnglists
                0x00000a65      0x175 ./Middlewares/FreeRTOS/CMSIS-RTOS/cmsis_os.o
 .debug_rnglists
                0x00000bda       0x2b ./Middlewares/FreeRTOS/list.o
 .debug_rnglists
                0x00000c05      0x18d ./Middlewares/FreeRTOS/tasks.o
 .debug_rnglists
                0x00000d92       0x42 ./Middlewares/FreeRTOS/portable/heap_4.o
 .debug_rnglists
                0x00000dd4       0x5d ./Middlewares/FreeRTOS/portable/port.o

.debug_macro    0x00000000    0x42304
 .debug_macro   0x00000000      0x3ad ./Application/User/CM7/main.o
 .debug_macro   0x000003ad      0xade ./Application/User/CM7/main.o
 .debug_macro   0x00000e8b       0xdf ./Application/User/CM7/main.o
 .debug_macro   0x00000f6a       0x2e ./Application/User/CM7/main.o
 .debug_macro   0x00000f98       0x49 ./Application/User/CM7/main.o
 .debug_macro   0x00000fe1       0x22 ./Application/User/CM7/main.o
 .debug_macro   0x00001003       0x8e ./Application/User/CM7/main.o
 .debug_macro   0x00001091       0x51 ./Application/User/CM7/main.o
 .debug_macro   0x000010e2      0x103 ./Application/User/CM7/main.o
 .debug_macro   0x000011e5       0x6a ./Application/User/CM7/main.o
 .debug_macro   0x0000124f      0x1df ./Application/User/CM7/main.o
 .debug_macro   0x0000142e       0x1c ./Application/User/CM7/main.o
 .debug_macro   0x0000144a       0x22 ./Application/User/CM7/main.o
 .debug_macro   0x0000146c       0xfb ./Application/User/CM7/main.o
 .debug_macro   0x00001567     0x1305 ./Application/User/CM7/main.o
 .debug_macro   0x0000286c      0x11f ./Application/User/CM7/main.o
 .debug_macro   0x0000298b       0x27 ./Application/User/CM7/main.o
 .debug_macro   0x000029b2    0x2c71e ./Application/User/CM7/main.o
 .debug_macro   0x0002f0d0       0x6d ./Application/User/CM7/main.o
 .debug_macro   0x0002f13d     0x3d5d ./Application/User/CM7/main.o
 .debug_macro   0x00032e9a      0x189 ./Application/User/CM7/main.o
 .debug_macro   0x00033023       0x61 ./Application/User/CM7/main.o
 .debug_macro   0x00033084       0x29 ./Application/User/CM7/main.o
 .debug_macro   0x000330ad       0x43 ./Application/User/CM7/main.o
 .debug_macro   0x000330f0       0x34 ./Application/User/CM7/main.o
 .debug_macro   0x00033124       0x16 ./Application/User/CM7/main.o
 .debug_macro   0x0003313a       0x43 ./Application/User/CM7/main.o
 .debug_macro   0x0003317d       0x34 ./Application/User/CM7/main.o
 .debug_macro   0x000331b1       0x10 ./Application/User/CM7/main.o
 .debug_macro   0x000331c1       0x58 ./Application/User/CM7/main.o
 .debug_macro   0x00033219       0x8e ./Application/User/CM7/main.o
 .debug_macro   0x000332a7       0x1c ./Application/User/CM7/main.o
 .debug_macro   0x000332c3      0x177 ./Application/User/CM7/main.o
 .debug_macro   0x0003343a      0x369 ./Application/User/CM7/main.o
 .debug_macro   0x000337a3      0x19b ./Application/User/CM7/main.o
 .debug_macro   0x0003393e       0x5d ./Application/User/CM7/main.o
 .debug_macro   0x0003399b     0x3ae3 ./Application/User/CM7/main.o
 .debug_macro   0x0003747e     0x1095 ./Application/User/CM7/main.o
 .debug_macro   0x00038513      0x154 ./Application/User/CM7/main.o
 .debug_macro   0x00038667      0x130 ./Application/User/CM7/main.o
 .debug_macro   0x00038797      0x3c5 ./Application/User/CM7/main.o
 .debug_macro   0x00038b5c       0xac ./Application/User/CM7/main.o
 .debug_macro   0x00038c08      0x72d ./Application/User/CM7/main.o
 .debug_macro   0x00039335      0x228 ./Application/User/CM7/main.o
 .debug_macro   0x0003955d       0x66 ./Application/User/CM7/main.o
 .debug_macro   0x000395c3      0x407 ./Application/User/CM7/main.o
 .debug_macro   0x000399ca      0x27c ./Application/User/CM7/main.o
 .debug_macro   0x00039c46     0x1044 ./Application/User/CM7/main.o
 .debug_macro   0x0003ac8a      0x6cc ./Application/User/CM7/main.o
 .debug_macro   0x0003b356      0x36e ./Application/User/CM7/main.o
 .debug_macro   0x0003b6c4      0x3ca ./Application/User/CM7/main.o
 .debug_macro   0x0003ba8e      0x4a2 ./Application/User/CM7/main.o
 .debug_macro   0x0003bf30       0x51 ./Application/User/CM7/main.o
 .debug_macro   0x0003bf81       0x4a ./Application/User/CM7/main.o
 .debug_macro   0x0003bfcb      0x22c ./Application/User/CM7/main.o
 .debug_macro   0x0003c1f7       0x67 ./Application/User/CM7/main.o
 .debug_macro   0x0003c25e       0xa5 ./Application/User/CM7/main.o
 .debug_macro   0x0003c303      0x218 ./Application/User/CM7/main.o
 .debug_macro   0x0003c51b      0x2ea ./Application/User/CM7/main.o
 .debug_macro   0x0003c805       0x35 ./Application/User/CM7/main.o
 .debug_macro   0x0003c83a      0xaf3 ./Application/User/CM7/main.o
 .debug_macro   0x0003d32d      0x29f ./Application/User/CM7/main.o
 .debug_macro   0x0003d5cc      0x693 ./Application/User/CM7/main.o
 .debug_macro   0x0003dc5f       0xa6 ./Application/User/CM7/main.o
 .debug_macro   0x0003dd05      0x798 ./Application/User/CM7/main.o
 .debug_macro   0x0003e49d       0xb2 ./Application/User/CM7/main.o
 .debug_macro   0x0003e54f       0xa0 ./Application/User/CM7/main.o
 .debug_macro   0x0003e5ef      0x1fc ./Application/User/CM7/main.o
 .debug_macro   0x0003e7eb      0x112 ./Application/User/CM7/main.o
 .debug_macro   0x0003e8fd      0x15a ./Application/User/CM7/main.o
 .debug_macro   0x0003ea57       0xe4 ./Application/User/CM7/main.o
 .debug_macro   0x0003eb3b       0x1c ./Application/User/CM7/main.o
 .debug_macro   0x0003eb57       0x26 ./Application/User/CM7/main.o
 .debug_macro   0x0003eb7d      0x4da ./Application/User/CM7/main.o
 .debug_macro   0x0003f057       0xb5 ./Application/User/CM7/main.o
 .debug_macro   0x0003f10c       0xaa ./Application/User/CM7/main.o
 .debug_macro   0x0003f1b6       0x91 ./Application/User/CM7/main.o
 .debug_macro   0x0003f247       0x86 ./Application/User/CM7/main.o
 .debug_macro   0x0003f2cd       0x7e ./Application/User/CM7/main.o
 .debug_macro   0x0003f34b       0xcf ./Application/User/CM7/main.o
 .debug_macro   0x0003f41a      0x2c1 ./Application/User/CM7/stm32h7xx_hal_timebase_tim.o
 .debug_macro   0x0003f6db      0x3ab ./Application/User/CM7/stm32h7xx_it.o
 .debug_macro   0x0003fa86      0x2e8 ./Drivers/BSP/STM32H747I_Discovery/stm32h747i_discovery.o
 .debug_macro   0x0003fd6e       0xac ./Drivers/BSP/STM32H747I_Discovery/stm32h747i_discovery.o
 .debug_macro   0x0003fe1a      0x2c7 ./Drivers/CMSIS/system_stm32h7xx.o
 .debug_macro   0x000400e1      0x2eb ./Drivers/STM32H7xx_HAL_Driver/stm32h7xx_hal.o
 .debug_macro   0x000403cc      0x2c1 ./Drivers/STM32H7xx_HAL_Driver/stm32h7xx_hal_cortex.o
 .debug_macro   0x0004068d      0x2d5 ./Drivers/STM32H7xx_HAL_Driver/stm32h7xx_hal_gpio.o
 .debug_macro   0x00040962      0x2d3 ./Drivers/STM32H7xx_HAL_Driver/stm32h7xx_hal_hsem.o
 .debug_macro   0x00040c35      0x2fa ./Drivers/STM32H7xx_HAL_Driver/stm32h7xx_hal_pwr_ex.o
 .debug_macro   0x00040f2f      0x2e5 ./Drivers/STM32H7xx_HAL_Driver/stm32h7xx_hal_rcc.o
 .debug_macro   0x00041214      0x2c2 ./Drivers/STM32H7xx_HAL_Driver/stm32h7xx_hal_tim.o
 .debug_macro   0x000414d6      0x2c1 ./Drivers/STM32H7xx_HAL_Driver/stm32h7xx_hal_tim_ex.o
 .debug_macro   0x00041797      0x200 ./Middlewares/FreeRTOS/CMSIS-RTOS/cmsis_os.o
 .debug_macro   0x00041997       0x10 ./Middlewares/FreeRTOS/CMSIS-RTOS/cmsis_os.o
 .debug_macro   0x000419a7       0x20 ./Middlewares/FreeRTOS/CMSIS-RTOS/cmsis_os.o
 .debug_macro   0x000419c7      0x112 ./Middlewares/FreeRTOS/CMSIS-RTOS/cmsis_os.o
 .debug_macro   0x00041ad9       0xe9 ./Middlewares/FreeRTOS/CMSIS-RTOS/cmsis_os.o
 .debug_macro   0x00041bc2      0x187 ./Middlewares/FreeRTOS/list.o
 .debug_macro   0x00041d49      0x279 ./Middlewares/FreeRTOS/tasks.o
 .debug_macro   0x00041fc2       0x10 ./Middlewares/FreeRTOS/tasks.o
 .debug_macro   0x00041fd2      0x1ae ./Middlewares/FreeRTOS/portable/heap_4.o
 .debug_macro   0x00042180      0x184 ./Middlewares/FreeRTOS/portable/port.o

.debug_line     0x00000000    0x1480b
 .debug_line    0x00000000      0xddb ./Application/User/CM7/main.o
 .debug_line    0x00000ddb      0xa1f ./Application/User/CM7/stm32h7xx_hal_timebase_tim.o
 .debug_line    0x000017fa      0xc30 ./Application/User/CM7/stm32h7xx_it.o
 .debug_line    0x0000242a       0x7a ./Application/User/Startup/startup_stm32h747xihx.o
 .debug_line    0x000024a4      0xf4d ./Drivers/BSP/STM32H747I_Discovery/stm32h747i_discovery.o
 .debug_line    0x000033f1      0xb29 ./Drivers/CMSIS/system_stm32h7xx.o
 .debug_line    0x00003f1a     0x108c ./Drivers/STM32H7xx_HAL_Driver/stm32h7xx_hal.o
 .debug_line    0x00004fa6      0xf3e ./Drivers/STM32H7xx_HAL_Driver/stm32h7xx_hal_cortex.o
 .debug_line    0x00005ee4      0xe05 ./Drivers/STM32H7xx_HAL_Driver/stm32h7xx_hal_gpio.o
 .debug_line    0x00006ce9      0xaf5 ./Drivers/STM32H7xx_HAL_Driver/stm32h7xx_hal_hsem.o
 .debug_line    0x000077de     0x1157 ./Drivers/STM32H7xx_HAL_Driver/stm32h7xx_hal_pwr_ex.o
 .debug_line    0x00008935     0x14fd ./Drivers/STM32H7xx_HAL_Driver/stm32h7xx_hal_rcc.o
 .debug_line    0x00009e32     0x40a0 ./Drivers/STM32H7xx_HAL_Driver/stm32h7xx_hal_tim.o
 .debug_line    0x0000ded2     0x1edf ./Drivers/STM32H7xx_HAL_Driver/stm32h7xx_hal_tim_ex.o
 .debug_line    0x0000fdb1     0x1317 ./Middlewares/FreeRTOS/CMSIS-RTOS/cmsis_os.o
 .debug_line    0x000110c8      0x7f3 ./Middlewares/FreeRTOS/list.o
 .debug_line    0x000118bb     0x1c85 ./Middlewares/FreeRTOS/tasks.o
 .debug_line    0x00013540      0xa1e ./Middlewares/FreeRTOS/portable/heap_4.o
 .debug_line    0x00013f5e      0x8ad ./Middlewares/FreeRTOS/portable/port.o

.debug_str      0x00000000   0x1b8a0e
 .debug_str     0x00000000   0x1b1330 ./Application/User/CM7/main.o
                             0x1b1a1c (size before relaxing)
 .debug_str     0x001b1330      0xf1e ./Application/User/CM7/stm32h7xx_hal_timebase_tim.o
                             0x1ab725 (size before relaxing)
 .debug_str     0x001b224e       0xfe ./Application/User/CM7/stm32h7xx_it.o
                             0x1b0fc1 (size before relaxing)
 .debug_str     0x001b234c       0x50 ./Application/User/Startup/startup_stm32h747xihx.o
                                 0xb6 (size before relaxing)
 .debug_str     0x001b239c      0xa1a ./Drivers/BSP/STM32H747I_Discovery/stm32h747i_discovery.o
                             0x1acdbf (size before relaxing)
 .debug_str     0x001b2db6      0x1be ./Drivers/CMSIS/system_stm32h7xx.o
                             0x1aa8f5 (size before relaxing)
 .debug_str     0x001b2f74      0x987 ./Drivers/STM32H7xx_HAL_Driver/stm32h7xx_hal.o
                             0x1abadb (size before relaxing)
 .debug_str     0x001b38fb      0x2ae ./Drivers/STM32H7xx_HAL_Driver/stm32h7xx_hal_cortex.o
                             0x1ab30a (size before relaxing)
 .debug_str     0x001b3ba9      0x149 ./Drivers/STM32H7xx_HAL_Driver/stm32h7xx_hal_gpio.o
                             0x1aa9d3 (size before relaxing)
 .debug_str     0x001b3cf2      0x232 ./Drivers/STM32H7xx_HAL_Driver/stm32h7xx_hal_hsem.o
                             0x1aa65e (size before relaxing)
 .debug_str     0x001b3f24      0x6be ./Drivers/STM32H7xx_HAL_Driver/stm32h7xx_hal_pwr_ex.o
                             0x1aaede (size before relaxing)
 .debug_str     0x001b45e2      0x37a ./Drivers/STM32H7xx_HAL_Driver/stm32h7xx_hal_rcc.o
                             0x1aad54 (size before relaxing)
 .debug_str     0x001b495c      0xee3 ./Drivers/STM32H7xx_HAL_Driver/stm32h7xx_hal_tim.o
                             0x1abad0 (size before relaxing)
 .debug_str     0x001b583f      0x661 ./Drivers/STM32H7xx_HAL_Driver/stm32h7xx_hal_tim_ex.o
                             0x1ab408 (size before relaxing)
 .debug_str     0x001b5ea0      0xb1f ./Middlewares/FreeRTOS/CMSIS-RTOS/cmsis_os.o
                               0xe34d (size before relaxing)
 .debug_str     0x001b69bf      0x26a ./Middlewares/FreeRTOS/list.o
                               0xac67 (size before relaxing)
 .debug_str     0x001b6c29     0x131e ./Middlewares/FreeRTOS/tasks.o
                               0xd105 (size before relaxing)
 .debug_str     0x001b7f47      0x379 ./Middlewares/FreeRTOS/portable/heap_4.o
                               0xb5a9 (size before relaxing)
 .debug_str     0x001b82c0      0x74e ./Middlewares/FreeRTOS/portable/port.o
                               0x882f (size before relaxing)

.comment        0x00000000       0x43
 .comment       0x00000000       0x43 ./Application/User/CM7/main.o
                                 0x44 (size before relaxing)
 .comment       0x00000043       0x44 ./Application/User/CM7/stm32h7xx_hal_timebase_tim.o
 .comment       0x00000043       0x44 ./Application/User/CM7/stm32h7xx_it.o
 .comment       0x00000043       0x44 ./Drivers/BSP/STM32H747I_Discovery/stm32h747i_discovery.o
 .comment       0x00000043       0x44 ./Drivers/CMSIS/system_stm32h7xx.o
 .comment       0x00000043       0x44 ./Drivers/STM32H7xx_HAL_Driver/stm32h7xx_hal.o
 .comment       0x00000043       0x44 ./Drivers/STM32H7xx_HAL_Driver/stm32h7xx_hal_cortex.o
 .comment       0x00000043       0x44 ./Drivers/STM32H7xx_HAL_Driver/stm32h7xx_hal_gpio.o
 .comment       0x00000043       0x44 ./Drivers/STM32H7xx_HAL_Driver/stm32h7xx_hal_hsem.o
 .comment       0x00000043       0x44 ./Drivers/STM32H7xx_HAL_Driver/stm32h7xx_hal_pwr_ex.o
 .comment       0x00000043       0x44 ./Drivers/STM32H7xx_HAL_Driver/stm32h7xx_hal_rcc.o
 .comment       0x00000043       0x44 ./Drivers/STM32H7xx_HAL_Driver/stm32h7xx_hal_tim.o
 .comment       0x00000043       0x44 ./Drivers/STM32H7xx_HAL_Driver/stm32h7xx_hal_tim_ex.o
 .comment       0x00000043       0x44 ./Middlewares/FreeRTOS/CMSIS-RTOS/cmsis_os.o
 .comment       0x00000043       0x44 ./Middlewares/FreeRTOS/list.o
 .comment       0x00000043       0x44 ./Middlewares/FreeRTOS/tasks.o
 .comment       0x00000043       0x44 ./Middlewares/FreeRTOS/portable/heap_4.o
 .comment       0x00000043       0x44 ./Middlewares/FreeRTOS/portable/port.o

.debug_frame    0x00000000     0x4ca8
 .debug_frame   0x00000000       0xe0 ./Application/User/CM7/main.o
 .debug_frame   0x000000e0       0xb4 ./Application/User/CM7/stm32h7xx_hal_timebase_tim.o
 .debug_frame   0x00000194       0xcc ./Application/User/CM7/stm32h7xx_it.o
 .debug_frame   0x00000260      0x460 ./Drivers/BSP/STM32H747I_Discovery/stm32h747i_discovery.o
 .debug_frame   0x000006c0       0x58 ./Drivers/CMSIS/system_stm32h7xx.o
 .debug_frame   0x00000718      0x848 ./Drivers/STM32H7xx_HAL_Driver/stm32h7xx_hal.o
 .debug_frame   0x00000f60      0x4b8 ./Drivers/STM32H7xx_HAL_Driver/stm32h7xx_hal_cortex.o
 .debug_frame   0x00001418      0x14c ./Drivers/STM32H7xx_HAL_Driver/stm32h7xx_hal_gpio.o
 .debug_frame   0x00001564      0x1bc ./Drivers/STM32H7xx_HAL_Driver/stm32h7xx_hal_hsem.o
 .debug_frame   0x00001720      0x5ec ./Drivers/STM32H7xx_HAL_Driver/stm32h7xx_hal_pwr_ex.o
 .debug_frame   0x00001d0c      0x1f8 ./Drivers/STM32H7xx_HAL_Driver/stm32h7xx_hal_rcc.o
 .debug_frame   0x00001f04     0x121c ./Drivers/STM32H7xx_HAL_Driver/stm32h7xx_hal_tim.o
 .debug_frame   0x00003120      0x6d8 ./Drivers/STM32H7xx_HAL_Driver/stm32h7xx_hal_tim_ex.o
 .debug_frame   0x000037f8      0x840 ./Middlewares/FreeRTOS/CMSIS-RTOS/cmsis_os.o
 .debug_frame   0x00004038       0xd8 ./Middlewares/FreeRTOS/list.o
 .debug_frame   0x00004110      0x878 ./Middlewares/FreeRTOS/tasks.o
 .debug_frame   0x00004988      0x12c ./Middlewares/FreeRTOS/portable/heap_4.o
 .debug_frame   0x00004ab4      0x1a8 ./Middlewares/FreeRTOS/portable/port.o
 .debug_frame   0x00004c5c       0x20 C:/ST/STM32CubeIDE_1.15.1/STM32CubeIDE/plugins/com.st.stm32cube.ide.mcu.externaltools.gnu-tools-for-stm32.12.3.rel1.win32_1.0.100.202403111256/tools/bin/../lib/gcc/arm-none-eabi/12.3.1/../../../../arm-none-eabi/lib/thumb/v7e-m+dp/hard\libc_nano.a(libc_a-memset.o)
 .debug_frame   0x00004c7c       0x2c C:/ST/STM32CubeIDE_1.15.1/STM32CubeIDE/plugins/com.st.stm32cube.ide.mcu.externaltools.gnu-tools-for-stm32.12.3.rel1.win32_1.0.100.202403111256/tools/bin/../lib/gcc/arm-none-eabi/12.3.1/../../../../arm-none-eabi/lib/thumb/v7e-m+dp/hard\libc_nano.a(libc_a-init.o)

.debug_line_str
                0x00000000       0x9a
 .debug_line_str
                0x00000000       0x9a ./Application/User/Startup/startup_stm32h747xihx.o
