C:/Users/hideakitai/STM32CubeIDE/workspace_1.15.1/FreeRTOS_HwSemaphoreCoreSync/CM7/Src/main.c:45:5:main	7
C:/Users/hideakitai/STM32CubeIDE/workspace_1.15.1/FreeRTOS_HwSemaphoreCoreSync/CM7/Src/main.c:123:13:CORE1_SemaphoreCoreSync	1
C:/Users/hideakitai/STM32CubeIDE/workspace_1.15.1/FreeRTOS_HwSemaphoreCoreSync/CM7/Src/main.c:158:13:SystemClock_Config	4
C:/Users/hideakitai/STM32CubeIDE/workspace_1.15.1/FreeRTOS_HwSemaphoreCoreSync/CM7/Src/main.c:239:13:CPU_CACHE_Enable	5
C:/Users/hideakitai/STM32CubeIDE/workspace_1.15.1/FreeRTOS_HwSemaphoreCoreSync/CM7/Src/main.c:253:13:Error_Handler	1
C:/Users/hideakitai/STM32CubeIDE/workspace_1.15.1/FreeRTOS_HwSemaphoreCoreSync/CM7/Src/main.c:267:13:MPU_Config	1
