C:/Users/hideakitai/STM32CubeIDE/workspace_1.15.1/FreeRTOS_HwSemaphoreCoreSync/CM7/Src/stm32h7xx_it.c:38:6:NMI_Handler	4	static
C:/Users/hideakitai/STM32CubeIDE/workspace_1.15.1/FreeRTOS_HwSemaphoreCoreSync/CM7/Src/stm32h7xx_it.c:47:6:HardFault_Handler	4	static
C:/Users/hideakitai/STM32CubeIDE/workspace_1.15.1/FreeRTOS_HwSemaphoreCoreSync/CM7/Src/stm32h7xx_it.c:60:6:MemManage_Handler	4	static
C:/Users/hideakitai/STM32CubeIDE/workspace_1.15.1/FreeRTOS_HwSemaphoreCoreSync/CM7/Src/stm32h7xx_it.c:73:6:BusFault_Handler	4	static
C:/Users/hideakitai/STM32CubeIDE/workspace_1.15.1/FreeRTOS_HwSemaphoreCoreSync/CM7/Src/stm32h7xx_it.c:86:6:UsageFault_Handler	4	static
C:/Users/hideakitai/STM32CubeIDE/workspace_1.15.1/FreeRTOS_HwSemaphoreCoreSync/CM7/Src/stm32h7xx_it.c:99:6:DebugMon_Handler	4	static
C:/Users/hideakitai/STM32CubeIDE/workspace_1.15.1/FreeRTOS_HwSemaphoreCoreSync/CM7/Src/stm32h7xx_it.c:108:6:SysTick_Handler	8	static
