C:/Users/hideakitai/STM32CubeIDE/workspace_1.15.1/FreeRTOS_HwSemaphoreCoreSync/CM7/Src/stm32h7xx_hal_timebase_tim.c:57:19:HAL_InitTick	72	static
C:/Users/hideakitai/STM32CubeIDE/workspace_1.15.1/FreeRTOS_HwSemaphoreCoreSync/CM7/Src/stm32h7xx_hal_timebase_tim.c:129:6:HAL_SuspendTick	4	static
C:/Users/hideakitai/STM32CubeIDE/workspace_1.15.1/FreeRTOS_HwSemaphoreCoreSync/CM7/Src/stm32h7xx_hal_timebase_tim.c:141:6:HAL_ResumeTick	4	static
C:/Users/hideakitai/STM32CubeIDE/workspace_1.15.1/FreeRTOS_HwSemaphoreCoreSync/CM7/Src/stm32h7xx_hal_timebase_tim.c:155:6:HAL_TIM_PeriodElapsedCallback	16	static
C:/Users/hideakitai/STM32CubeIDE/workspace_1.15.1/FreeRTOS_HwSemaphoreCoreSync/CM7/Src/stm32h7xx_hal_timebase_tim.c:168:6:TIM6_DAC_IRQHandler	8	static
